Archive member included because of file (symbol)

c:/program files/atmel/studio/7.0/toolchain/arm/arm-gnu-toolchain/bin/../lib/gcc/arm-none-eabi/4.9.3/../../../../arm-none-eabi/lib/armv7e-m\libc.a(lib_a-exit.o)
                              c:/program files/atmel/studio/7.0/toolchain/arm/arm-gnu-toolchain/bin/../lib/gcc/arm-none-eabi/4.9.3/../../../../arm-none-eabi/lib/armv7e-m/crt0.o (exit)
c:/program files/atmel/studio/7.0/toolchain/arm/arm-gnu-toolchain/bin/../lib/gcc/arm-none-eabi/4.9.3/../../../../arm-none-eabi/lib/armv7e-m\libc.a(lib_a-impure.o)
                              c:/program files/atmel/studio/7.0/toolchain/arm/arm-gnu-toolchain/bin/../lib/gcc/arm-none-eabi/4.9.3/../../../../arm-none-eabi/lib/armv7e-m\libc.a(lib_a-exit.o) (_global_impure_ptr)
c:/program files/atmel/studio/7.0/toolchain/arm/arm-gnu-toolchain/bin/../lib/gcc/arm-none-eabi/4.9.3/../../../../arm-none-eabi/lib/armv7e-m\libc.a(lib_a-init.o)
                              c:/program files/atmel/studio/7.0/toolchain/arm/arm-gnu-toolchain/bin/../lib/gcc/arm-none-eabi/4.9.3/../../../../arm-none-eabi/lib/armv7e-m/crt0.o (__libc_init_array)
c:/program files/atmel/studio/7.0/toolchain/arm/arm-gnu-toolchain/bin/../lib/gcc/arm-none-eabi/4.9.3/../../../../arm-none-eabi/lib/armv7e-m\libc.a(lib_a-iprintf.o)
                              src/ASF/sam/utils/syscalls/gcc/syscalls.o (iprintf)
c:/program files/atmel/studio/7.0/toolchain/arm/arm-gnu-toolchain/bin/../lib/gcc/arm-none-eabi/4.9.3/../../../../arm-none-eabi/lib/armv7e-m\libc.a(lib_a-memset.o)
                              c:/program files/atmel/studio/7.0/toolchain/arm/arm-gnu-toolchain/bin/../lib/gcc/arm-none-eabi/4.9.3/../../../../arm-none-eabi/lib/armv7e-m/crt0.o (memset)
c:/program files/atmel/studio/7.0/toolchain/arm/arm-gnu-toolchain/bin/../lib/gcc/arm-none-eabi/4.9.3/../../../../arm-none-eabi/lib/armv7e-m\libc.a(lib_a-setbuf.o)
                              src/ili93xx_example.o (setbuf)
c:/program files/atmel/studio/7.0/toolchain/arm/arm-gnu-toolchain/bin/../lib/gcc/arm-none-eabi/4.9.3/../../../../arm-none-eabi/lib/armv7e-m\libc.a(lib_a-setvbuf.o)
                              c:/program files/atmel/studio/7.0/toolchain/arm/arm-gnu-toolchain/bin/../lib/gcc/arm-none-eabi/4.9.3/../../../../arm-none-eabi/lib/armv7e-m\libc.a(lib_a-setbuf.o) (setvbuf)
c:/program files/atmel/studio/7.0/toolchain/arm/arm-gnu-toolchain/bin/../lib/gcc/arm-none-eabi/4.9.3/../../../../arm-none-eabi/lib/armv7e-m\libc.a(lib_a-vfiprintf.o)
                              c:/program files/atmel/studio/7.0/toolchain/arm/arm-gnu-toolchain/bin/../lib/gcc/arm-none-eabi/4.9.3/../../../../arm-none-eabi/lib/armv7e-m\libc.a(lib_a-iprintf.o) (_vfiprintf_r)
c:/program files/atmel/studio/7.0/toolchain/arm/arm-gnu-toolchain/bin/../lib/gcc/arm-none-eabi/4.9.3/../../../../arm-none-eabi/lib/armv7e-m\libc.a(lib_a-wsetup.o)
                              c:/program files/atmel/studio/7.0/toolchain/arm/arm-gnu-toolchain/bin/../lib/gcc/arm-none-eabi/4.9.3/../../../../arm-none-eabi/lib/armv7e-m\libc.a(lib_a-vfiprintf.o) (__swsetup_r)
c:/program files/atmel/studio/7.0/toolchain/arm/arm-gnu-toolchain/bin/../lib/gcc/arm-none-eabi/4.9.3/../../../../arm-none-eabi/lib/armv7e-m\libc.a(lib_a-__call_atexit.o)
                              c:/program files/atmel/studio/7.0/toolchain/arm/arm-gnu-toolchain/bin/../lib/gcc/arm-none-eabi/4.9.3/../../../../arm-none-eabi/lib/armv7e-m\libc.a(lib_a-exit.o) (__call_exitprocs)
c:/program files/atmel/studio/7.0/toolchain/arm/arm-gnu-toolchain/bin/../lib/gcc/arm-none-eabi/4.9.3/../../../../arm-none-eabi/lib/armv7e-m\libc.a(lib_a-atexit.o)
                              c:/program files/atmel/studio/7.0/toolchain/arm/arm-gnu-toolchain/bin/../lib/gcc/arm-none-eabi/4.9.3/../../../../arm-none-eabi/lib/armv7e-m\libc.a(lib_a-__call_atexit.o) (atexit)
c:/program files/atmel/studio/7.0/toolchain/arm/arm-gnu-toolchain/bin/../lib/gcc/arm-none-eabi/4.9.3/../../../../arm-none-eabi/lib/armv7e-m\libc.a(lib_a-fflush.o)
                              c:/program files/atmel/studio/7.0/toolchain/arm/arm-gnu-toolchain/bin/../lib/gcc/arm-none-eabi/4.9.3/../../../../arm-none-eabi/lib/armv7e-m\libc.a(lib_a-setvbuf.o) (_fflush_r)
c:/program files/atmel/studio/7.0/toolchain/arm/arm-gnu-toolchain/bin/../lib/gcc/arm-none-eabi/4.9.3/../../../../arm-none-eabi/lib/armv7e-m\libc.a(lib_a-findfp.o)
                              c:/program files/atmel/studio/7.0/toolchain/arm/arm-gnu-toolchain/bin/../lib/gcc/arm-none-eabi/4.9.3/../../../../arm-none-eabi/lib/armv7e-m\libc.a(lib_a-setvbuf.o) (_cleanup_r)
c:/program files/atmel/studio/7.0/toolchain/arm/arm-gnu-toolchain/bin/../lib/gcc/arm-none-eabi/4.9.3/../../../../arm-none-eabi/lib/armv7e-m\libc.a(lib_a-fini.o)
                              c:/program files/atmel/studio/7.0/toolchain/arm/arm-gnu-toolchain/bin/../lib/gcc/arm-none-eabi/4.9.3/../../../../arm-none-eabi/lib/armv7e-m\libc.a(lib_a-__call_atexit.o) (__libc_fini_array)
[...]
Memory Configuration

Name             Origin             Length             Attributes
rom              0x00400000         0x00200000         xr
ram              0x20000000         0x00028000         xrw
*default*        0x00000000         0xffffffff

Linker script and memory map

LOAD c:/program files/atmel/studio/7.0/toolchain/arm/arm-gnu-toolchain/bin/../lib/gcc/arm-none-eabi/4.9.3/armv7e-m/crti.o
LOAD c:/program files/atmel/studio/7.0/toolchain/arm/arm-gnu-toolchain/bin/../lib/gcc/arm-none-eabi/4.9.3/armv7e-m/crtbegin.o
LOAD c:/program files/atmel/studio/7.0/toolchain/arm/arm-gnu-toolchain/bin/../lib/gcc/arm-none-eabi/4.9.3/../../../../arm-none-eabi/lib/armv7e-m/crt0.o
LOAD src/ASF/common/services/clock/sam4s/sysclk.o
LOAD src/ASF/common/services/serial/usart_serial.o
LOAD src/ASF/common/utils/interrupt/interrupt_sam_nvic.o
LOAD src/ASF/common/utils/stdio/read.o
LOAD src/ASF/common/utils/stdio/write.o
LOAD src/ASF/sam/boards/sam4s_ek2/init.o
LOAD src/ASF/sam/boards/sam4s_ek2/led.o
LOAD src/ASF/sam/components/display/aat31xx/aat31xx.o
LOAD src/ASF/sam/components/display/ili93xx/ili93xx.o
LOAD src/ASF/sam/drivers/ebi/smc/smc.o
LOAD src/ASF/sam/drivers/pio/pio.o
LOAD src/ASF/sam/drivers/pio/pio_handler.o
LOAD src/ASF/sam/drivers/pmc/pmc.o
LOAD src/ASF/sam/drivers/pmc/sleep.o
LOAD src/ASF/sam/drivers/tc/tc.o
LOAD src/ASF/sam/drivers/uart/uart.o
LOAD src/ASF/sam/drivers/usart/usart.o
LOAD src/ASF/sam/utils/cmsis/sam4s/source/templates/gcc/startup_sam4s.o
LOAD src/ASF/sam/utils/cmsis/sam4s/source/templates/system_sam4s.o
LOAD src/ASF/sam/utils/syscalls/gcc/syscalls.o
LOAD src/ili93xx_example.o
START GROUP
LOAD ../src/ASF/thirdparty/CMSIS/Lib/GCC\libarm_cortexM4l_math.a
LOAD c:/program files/atmel/studio/7.0/toolchain/arm/arm-gnu-toolchain/bin/../lib/gcc/arm-none-eabi/4.9.3/../../../../arm-none-eabi/lib/armv7e-m\libm.a
END GROUP
START GROUP
LOAD c:/program files/atmel/studio/7.0/toolchain/arm/arm-gnu-toolchain/bin/../lib/gcc/arm-none-eabi/4.9.3/armv7e-m\libgcc.a
LOAD c:/program files/atmel/studio/7.0/toolchain/arm/arm-gnu-toolchain/bin/../lib/gcc/arm-none-eabi/4.9.3/../../../../arm-none-eabi/lib/armv7e-m\libc.a
END GROUP
LOAD c:/program files/atmel/studio/7.0/toolchain/arm/arm-gnu-toolchain/bin/../lib/gcc/arm-none-eabi/4.9.3/armv7e-m/crtend.o
LOAD c:/program files/atmel/studio/7.0/toolchain/arm/arm-gnu-toolchain/bin/../lib/gcc/arm-none-eabi/4.9.3/armv7e-m/crtn.o
                0x00003000                __stack_size__ = DEFINED (__stack_size__)?__stack_size__:0x3000
                0x20027ffc                __ram_end__ = ((ORIGIN (ram) + 0x28000) - 0x4)

.text           0x00400000     0x2df0
                0x00400000                . = ALIGN (0x4)
                0x00400000                _sfixed = .
 *(.vectors .vectors.*)
 .vectors       0x00400000       0xcc src/ASF/sam/utils/cmsis/sam4s/source/templates/gcc/startup_sam4s.o
                0x00400000                exception_table
 *(.text .text.* .gnu.linkonce.t.*)
 .text          0x004000cc       0x5c c:/program files/atmel/studio/7.0/toolchain/arm/arm-gnu-toolchain/bin/../lib/gcc/arm-none-eabi/4.9.3/armv7e-m/crtbegin.o
 .text.sysclk_init
                0x00400128       0x64 src/ASF/common/services/clock/sam4s/sysclk.o
                0x00400128                sysclk_init
 .text._read    0x0040018c       0x3c src/ASF/common/utils/stdio/read.o
                0x0040018c                _read
 .text._write   0x004001c8       0x50 src/ASF/common/utils/stdio/write.o
                0x004001c8                _write
 .text.board_init
                0x00400218       0x64 src/ASF/sam/boards/sam4s_ek2/init.o
                0x00400218                board_init
 .text.aat31xx_set_backlight
                0x0040027c       0x18 src/ASF/sam/components/display/aat31xx/aat31xx.o
                0x0040027c                aat31xx_set_backlight
 .text.aat31xx_disable_backlight
                0x00400294       0x24 src/ASF/sam/components/display/aat31xx/aat31xx.o
                0x00400294                aat31xx_disable_backlight
 .text.ili93xx_write_ram_prepare
                0x004002b8       0x30 src/ASF/sam/components/display/ili93xx/ili93xx.o
 .text.ili93xx_write_ram
                0x004002e8       0x18 src/ASF/sam/components/display/ili93xx/ili93xx.o
 .text.ili93xx_write_ram_buffer
                0x00400300       0x60 src/ASF/sam/components/display/ili93xx/ili93xx.o
 .text.ili93xx_write_register_word
                0x00400360       0x18 src/ASF/sam/components/display/ili93xx/ili93xx.o
 .text.ili93xx_write_register
                0x00400378       0x2c src/ASF/sam/components/display/ili93xx/ili93xx.o
 .text.ili93xx_delay
                0x004003a4       0x38 src/ASF/sam/components/display/ili93xx/ili93xx.o
 .text.ili93xx_check_box_coordinates
                0x004003dc       0x60 src/ASF/sam/components/display/ili93xx/ili93xx.o
 .text.ili93xx_device_type_identify
                0x0040043c       0x7c src/ASF/sam/components/display/ili93xx/ili93xx.o
                0x0040043c                ili93xx_device_type_identify
 .text.ili93xx_display_on
                0x004004b8       0x34 src/ASF/sam/components/display/ili93xx/ili93xx.o
                0x004004b8                ili93xx_display_on
 .text.ili93xx_set_foreground_color
                0x004004ec       0x18 src/ASF/sam/components/display/ili93xx/ili93xx.o
                0x004004ec                ili93xx_set_foreground_color
 .text.ili93xx_set_window
                0x00400504       0xa4 src/ASF/sam/components/display/ili93xx/ili93xx.o
                0x00400504                ili93xx_set_window
 .text.ili93xx_set_cursor_position
                0x004005a8       0x24 src/ASF/sam/components/display/ili93xx/ili93xx.o
                0x004005a8                ili93xx_set_cursor_position
 .text.ili93xx_init
                0x004005cc      0x2e4 src/ASF/sam/components/display/ili93xx/ili93xx.o
                0x004005cc                ili93xx_init
 .text.ili93xx_draw_pixel
                0x004008b0       0x7c src/ASF/sam/components/display/ili93xx/ili93xx.o
                0x004008b0                ili93xx_draw_pixel
 .text.ili93xx_draw_filled_rectangle
                0x0040092c       0xc4 src/ASF/sam/components/display/ili93xx/ili93xx.o
                0x0040092c                ili93xx_draw_filled_rectangle
 .text.ili93xx_draw_line
                0x004009f0       0xcc src/ASF/sam/components/display/ili93xx/ili93xx.o
                0x004009f0                ili93xx_draw_line
 .text.ili93xx_draw_circle
                0x00400abc       0x9c src/ASF/sam/components/display/ili93xx/ili93xx.o
                0x00400abc                ili93xx_draw_circle
 .text.ili93xx_draw_string
                0x00400b58       0xac src/ASF/sam/components/display/ili93xx/ili93xx.o
                0x00400b58                ili93xx_draw_string
 .text.smc_set_setup_timing
                0x00400c04        0x8 src/ASF/sam/drivers/ebi/smc/smc.o
                0x00400c04                smc_set_setup_timing
 .text.smc_set_pulse_timing
                0x00400c0c        0x8 src/ASF/sam/drivers/ebi/smc/smc.o
                0x00400c0c                smc_set_pulse_timing
 .text.smc_set_cycle_timing
                0x00400c14        0x8 src/ASF/sam/drivers/ebi/smc/smc.o
                0x00400c14                smc_set_cycle_timing
 .text.smc_set_mode
                0x00400c1c        0x8 src/ASF/sam/drivers/ebi/smc/smc.o
                0x00400c1c                smc_set_mode
 .text.pio_set  0x00400c24        0x4 src/ASF/sam/drivers/pio/pio.o
                0x00400c24                pio_set
 .text.pio_clear
                0x00400c28        0x4 src/ASF/sam/drivers/pio/pio.o
                0x00400c28                pio_clear
 .text.pio_set_peripheral
                0x00400c2c       0x94 src/ASF/sam/drivers/pio/pio.o
                0x00400c2c                pio_set_peripheral
 .text.pio_set_input
                0x00400cc0       0x34 src/ASF/sam/drivers/pio/pio.o
                0x00400cc0                pio_set_input
 .text.pio_set_output
                0x00400cf4       0x28 src/ASF/sam/drivers/pio/pio.o
                0x00400cf4                pio_set_output
 .text.pio_get_interrupt_status
                0x00400d1c        0x4 src/ASF/sam/drivers/pio/pio.o
                0x00400d1c                pio_get_interrupt_status
 .text.pio_get_interrupt_mask
                0x00400d20        0x4 src/ASF/sam/drivers/pio/pio.o
                0x00400d20                pio_get_interrupt_mask
 .text.pio_configure_pin
                0x00400d24      0x124 src/ASF/sam/drivers/pio/pio.o
                0x00400d24                pio_configure_pin
 .text.pio_configure_pin_group
                0x00400e48       0xdc src/ASF/sam/drivers/pio/pio.o
                0x00400e48                pio_configure_pin_group
 .text.pio_handler_process
                0x00400f24       0x68 src/ASF/sam/drivers/pio/pio_handler.o
                0x00400f24                pio_handler_process
 .text.PIOA_Handler
                0x00400f8c       0x14 src/ASF/sam/drivers/pio/pio_handler.o
                0x00400f8c                PIOA_Handler
 .text.PIOB_Handler
                0x00400fa0       0x14 src/ASF/sam/drivers/pio/pio_handler.o
                0x00400fa0                PIOB_Handler
 .text.PIOC_Handler
                0x00400fb4       0x14 src/ASF/sam/drivers/pio/pio_handler.o
                0x00400fb4                PIOC_Handler
 .text.pmc_switch_mck_to_pllack
                0x00400fc8       0x68 src/ASF/sam/drivers/pmc/pmc.o
                0x00400fc8                pmc_switch_mck_to_pllack
 .text.pmc_switch_mainck_to_xtal
                0x00401030       0x54 src/ASF/sam/drivers/pmc/pmc.o
                0x00401030                pmc_switch_mainck_to_xtal
 .text.pmc_osc_is_ready_mainck
                0x00401084       0x10 src/ASF/sam/drivers/pmc/pmc.o
                0x00401084                pmc_osc_is_ready_mainck
 .text.pmc_disable_pllack
                0x00401094       0x10 src/ASF/sam/drivers/pmc/pmc.o
                0x00401094                pmc_disable_pllack
 .text.pmc_is_locked_pllack
                0x004010a4       0x10 src/ASF/sam/drivers/pmc/pmc.o
                0x004010a4                pmc_is_locked_pllack
 .text.pmc_enable_periph_clk
                0x004010b4       0x54 src/ASF/sam/drivers/pmc/pmc.o
                0x004010b4                pmc_enable_periph_clk
 .text.tc_get_status
                0x00401108        0x8 src/ASF/sam/drivers/tc/tc.o
                0x00401108                tc_get_status
 .text.uart_init
                0x00401110       0x38 src/ASF/sam/drivers/uart/uart.o
                0x00401110                uart_init
 .text.uart_write
                0x00401148       0x10 src/ASF/sam/drivers/uart/uart.o
                0x00401148                uart_write
 .text.uart_read
                0x00401158       0x14 src/ASF/sam/drivers/uart/uart.o
                0x00401158                uart_read
 .text.usart_write
                0x0040116c       0x14 src/ASF/sam/drivers/usart/usart.o
                0x0040116c                usart_write
 .text.usart_read
                0x00401180       0x18 src/ASF/sam/drivers/usart/usart.o
                0x00401180                usart_read
 .text.Dummy_Handler
                0x00401198        0x4 src/ASF/sam/utils/cmsis/sam4s/source/templates/gcc/startup_sam4s.o
                0x00401198                DACC_Handler
                0x00401198                DebugMon_Handler
                0x00401198                HardFault_Handler
                0x00401198                TC2_Handler
                0x00401198                SPI_Handler
                0x00401198                SysTick_Handler
                0x00401198                TWI1_Handler
                0x00401198                PendSV_Handler
                0x00401198                NMI_Handler
                0x00401198                ADC_Handler
                0x00401198                CRCCU_Handler
                0x00401198                USART0_Handler
                0x00401198                RTT_Handler
                0x00401198                EFC1_Handler
                0x00401198                RTC_Handler
                0x00401198                UsageFault_Handler
                0x00401198                WDT_Handler
                0x00401198                TC4_Handler
                0x00401198                TC1_Handler
                0x00401198                HSMCI_Handler
                0x00401198                UART1_Handler
                0x00401198                TC3_Handler
                0x00401198                Dummy_Handler
                0x00401198                TWI0_Handler
                0x00401198                USART1_Handler
                0x00401198                SSC_Handler
                0x00401198                EFC0_Handler
                0x00401198                ACC_Handler
                0x00401198                PMC_Handler
                0x00401198                PWM_Handler
                0x00401198                MemManage_Handler
                0x00401198                SUPC_Handler
                0x00401198                SVC_Handler
                0x00401198                UART0_Handler
                0x00401198                UDP_Handler
                0x00401198                BusFault_Handler
                0x00401198                RSTC_Handler
                0x00401198                TC5_Handler
 .text.Reset_Handler
                0x0040119c       0xb0 src/ASF/sam/utils/cmsis/sam4s/source/templates/gcc/startup_sam4s.o
                0x0040119c                Reset_Handler
 .text.SystemCoreClockUpdate
                0x0040124c      0x114 src/ASF/sam/utils/cmsis/sam4s/source/templates/system_sam4s.o
                0x0040124c                SystemCoreClockUpdate
 .text.system_init_flash
                0x00401360       0x94 src/ASF/sam/utils/cmsis/sam4s/source/templates/system_sam4s.o
                0x00401360                system_init_flash
 .text._sbrk    0x004013f4       0x34 src/ASF/sam/utils/syscalls/gcc/syscalls.o
                0x004013f4                _sbrk
 .text._close   0x00401428        0x8 src/ASF/sam/utils/syscalls/gcc/syscalls.o
                0x00401428                _close
 .text._lseek   0x00401430        0x4 src/ASF/sam/utils/syscalls/gcc/syscalls.o
                0x00401430                _lseek
 .text.usart_serial_getchar
                0x00401434       0x88 src/ili93xx_example.o
 .text.usart_serial_putchar
                0x004014bc       0x80 src/ili93xx_example.o
 .text.TC0_Handler
                0x0040153c       0x40 src/ili93xx_example.o
                0x0040153c                TC0_Handler
 .text.main     0x0040157c      0x19c src/ili93xx_example.o
                0x0040157c                main
 .text.__libc_init_array
                0x00401718       0x50 c:/program files/atmel/studio/7.0/toolchain/arm/arm-gnu-toolchain/bin/../lib/gcc/arm-none-eabi/4.9.3/../../../../arm-none-eabi/lib/armv7e-m\libc.a(lib_a-init.o)
                0x00401718                __libc_init_array
 .text.memset   0x00401768       0x9c c:/program files/atmel/studio/7.0/toolchain/arm/arm-gnu-toolchain/bin/../lib/gcc/arm-none-eabi/4.9.3/../../../../arm-none-eabi/lib/armv7e-m\libc.a(lib_a-memset.o)
                0x00401768                memset
 .text.setbuf   0x00401804       0x10 c:/program files/atmel/studio/7.0/toolchain/arm/arm-gnu-toolchain/bin/../lib/gcc/arm-none-eabi/4.9.3/../../../../arm-none-eabi/lib/armv7e-m\libc.a(lib_a-setbuf.o)
                0x00401804                setbuf
 .text.setvbuf  0x00401814       0xf8 c:/program files/atmel/studio/7.0/toolchain/arm/arm-gnu-toolchain/bin/../lib/gcc/arm-none-eabi/4.9.3/../../../../arm-none-eabi/lib/armv7e-m\libc.a(lib_a-setvbuf.o)
                0x00401814                setvbuf
 .text.startup.register_fini
                0x0040190c       0x14 c:/program files/atmel/studio/7.0/toolchain/arm/arm-gnu-toolchain/bin/../lib/gcc/arm-none-eabi/4.9.3/../../../../arm-none-eabi/lib/armv7e-m\libc.a(lib_a-__call_atexit.o)
 .text.atexit   0x00401920        0xc c:/program files/atmel/studio/7.0/toolchain/arm/arm-gnu-toolchain/bin/../lib/gcc/arm-none-eabi/4.9.3/../../../../arm-none-eabi/lib/armv7e-m\libc.a(lib_a-atexit.o)
                0x00401920                atexit
 .text.__sflush_r
                0x0040192c      0x154 c:/program files/atmel/studio/7.0/toolchain/arm/arm-gnu-toolchain/bin/../lib/gcc/arm-none-eabi/4.9.3/../../../../arm-none-eabi/lib/armv7e-m\libc.a(lib_a-fflush.o)
                0x0040192c                __sflush_r
 .text._fflush_r
                0x00401a80       0x2c c:/program files/atmel/studio/7.0/toolchain/arm/arm-gnu-toolchain/bin/../lib/gcc/arm-none-eabi/4.9.3/../../../../arm-none-eabi/lib/armv7e-m\libc.a(lib_a-fflush.o)
                0x00401a80                _fflush_r
 .text._cleanup_r
                0x00401aac        0xc c:/program files/atmel/studio/7.0/toolchain/arm/arm-gnu-toolchain/bin/../lib/gcc/arm-none-eabi/4.9.3/../../../../arm-none-eabi/lib/armv7e-m\libc.a(lib_a-findfp.o)
                0x00401aac                _cleanup_r
 .text.__sinit.part.1
                0x00401ab8       0xf0 c:/program files/atmel/studio/7.0/toolchain/arm/arm-gnu-toolchain/bin/../lib/gcc/arm-none-eabi/4.9.3/../../../../arm-none-eabi/lib/armv7e-m\libc.a(lib_a-findfp.o)
 .text.__sinit  0x00401ba8        0xc c:/program files/atmel/studio/7.0/toolchain/arm/arm-gnu-toolchain/bin/../lib/gcc/arm-none-eabi/4.9.3/../../../../arm-none-eabi/lib/armv7e-m\libc.a(lib_a-findfp.o)
                0x00401ba8                __sinit
 .text.__sfp_lock_acquire
                0x00401bb4        0x4 c:/program files/atmel/studio/7.0/toolchain/arm/arm-gnu-toolchain/bin/../lib/gcc/arm-none-eabi/4.9.3/../../../../arm-none-eabi/lib/armv7e-m\libc.a(lib_a-findfp.o)
                0x00401bb4                __sfp_lock_acquire
 .text.__sfp_lock_release
                0x00401bb8        0x4 c:/program files/atmel/studio/7.0/toolchain/arm/arm-gnu-toolchain/bin/../lib/gcc/arm-none-eabi/4.9.3/../../../../arm-none-eabi/lib/armv7e-m\libc.a(lib_a-findfp.o)
                0x00401bb8                __sfp_lock_release
 .text.__libc_fini_array
                0x00401bbc       0x2c c:/program files/atmel/studio/7.0/toolchain/arm/arm-gnu-toolchain/bin/../lib/gcc/arm-none-eabi/4.9.3/../../../../arm-none-eabi/lib/armv7e-m\libc.a(lib_a-fini.o)
                0x00401bbc                __libc_fini_array
 .text._malloc_trim_r
                0x00401be8       0x9c c:/program files/atmel/studio/7.0/toolchain/arm/arm-gnu-toolchain/bin/../lib/gcc/arm-none-eabi/4.9.3/../../../../arm-none-eabi/lib/armv7e-m\libc.a(lib_a-freer.o)
                0x00401be8                _malloc_trim_r
 .text._free_r  0x00401c84      0x1b0 c:/program files/atmel/studio/7.0/toolchain/arm/arm-gnu-toolchain/bin/../lib/gcc/arm-none-eabi/4.9.3/../../../../arm-none-eabi/lib/armv7e-m\libc.a(lib_a-freer.o)
                0x00401c84                _free_r
 .text._fwalk_reent
                0x00401e34       0x54 c:/program files/atmel/studio/7.0/toolchain/arm/arm-gnu-toolchain/bin/../lib/gcc/arm-none-eabi/4.9.3/../../../../arm-none-eabi/lib/armv7e-m\libc.a(lib_a-fwalk.o)
                0x00401e34                _fwalk_reent
 .text.malloc   0x00401e88       0x10 c:/program files/atmel/studio/7.0/toolchain/arm/arm-gnu-toolchain/bin/../lib/gcc/arm-none-eabi/4.9.3/../../../../arm-none-eabi/lib/armv7e-m\libc.a(lib_a-malloc.o)
                0x00401e88                malloc
 .text._malloc_r
                0x00401e98      0x524 c:/program files/atmel/studio/7.0/toolchain/arm/arm-gnu-toolchain/bin/../lib/gcc/arm-none-eabi/4.9.3/../../../../arm-none-eabi/lib/armv7e-m\libc.a(lib_a-mallocr.o)
                0x00401e98                _malloc_r
 .text.__malloc_lock
                0x004023bc        0x4 c:/program files/atmel/studio/7.0/toolchain/arm/arm-gnu-toolchain/bin/../lib/gcc/arm-none-eabi/4.9.3/../../../../arm-none-eabi/lib/armv7e-m\libc.a(lib_a-mlock.o)
                0x004023bc                __malloc_lock
 .text.__malloc_unlock
                0x004023c0        0x4 c:/program files/atmel/studio/7.0/toolchain/arm/arm-gnu-toolchain/bin/../lib/gcc/arm-none-eabi/4.9.3/../../../../arm-none-eabi/lib/armv7e-m\libc.a(lib_a-mlock.o)
                0x004023c0                __malloc_unlock
 .text._sbrk_r  0x004023c4       0x24 c:/program files/atmel/studio/7.0/toolchain/arm/arm-gnu-toolchain/bin/../lib/gcc/arm-none-eabi/4.9.3/../../../../arm-none-eabi/lib/armv7e-m\libc.a(lib_a-sbrkr.o)
                0x004023c4                _sbrk_r
 .text.__sread  0x004023e8       0x24 c:/program files/atmel/studio/7.0/toolchain/arm/arm-gnu-toolchain/bin/../lib/gcc/arm-none-eabi/4.9.3/../../../../arm-none-eabi/lib/armv7e-m\libc.a(lib_a-stdio.o)
                0x004023e8                __sread
 .text.__swrite
                0x0040240c       0x38 c:/program files/atmel/studio/7.0/toolchain/arm/arm-gnu-toolchain/bin/../lib/gcc/arm-none-eabi/4.9.3/../../../../arm-none-eabi/lib/armv7e-m\libc.a(lib_a-stdio.o)
                0x0040240c                __swrite
 .text.__sseek  0x00402444       0x20 c:/program files/atmel/studio/7.0/toolchain/arm/arm-gnu-toolchain/bin/../lib/gcc/arm-none-eabi/4.9.3/../../../../arm-none-eabi/lib/armv7e-m\libc.a(lib_a-stdio.o)
                0x00402444                __sseek
 .text.__sclose
                0x00402464        0x8 c:/program files/atmel/studio/7.0/toolchain/arm/arm-gnu-toolchain/bin/../lib/gcc/arm-none-eabi/4.9.3/../../../../arm-none-eabi/lib/armv7e-m\libc.a(lib_a-stdio.o)
                0x00402464                __sclose
 .text._write_r
                0x0040246c       0x28 c:/program files/atmel/studio/7.0/toolchain/arm/arm-gnu-toolchain/bin/../lib/gcc/arm-none-eabi/4.9.3/../../../../arm-none-eabi/lib/armv7e-m\libc.a(lib_a-writer.o)
                0x0040246c                _write_r
 .text.__register_exitproc
                0x00402494       0xa4 c:/program files/atmel/studio/7.0/toolchain/arm/arm-gnu-toolchain/bin/../lib/gcc/arm-none-eabi/4.9.3/../../../../arm-none-eabi/lib/armv7e-m\libc.a(lib_a-__atexit.o)
                0x00402494                __register_exitproc
 .text._close_r
                0x00402538       0x24 c:/program files/atmel/studio/7.0/toolchain/arm/arm-gnu-toolchain/bin/../lib/gcc/arm-none-eabi/4.9.3/../../../../arm-none-eabi/lib/armv7e-m\libc.a(lib_a-closer.o)
                0x00402538                _close_r
 .text._fclose_r
                0x0040255c       0x84 c:/program files/atmel/studio/7.0/toolchain/arm/arm-gnu-toolchain/bin/../lib/gcc/arm-none-eabi/4.9.3/../../../../arm-none-eabi/lib/armv7e-m\libc.a(lib_a-fclose.o)
                0x0040255c                _fclose_r
 .text._lseek_r
                0x004025e0       0x28 c:/program files/atmel/studio/7.0/toolchain/arm/arm-gnu-toolchain/bin/../lib/gcc/arm-none-eabi/4.9.3/../../../../arm-none-eabi/lib/armv7e-m\libc.a(lib_a-lseekr.o)
                0x004025e0                _lseek_r
 .text._read_r  0x00402608       0x28 c:/program files/atmel/studio/7.0/toolchain/arm/arm-gnu-toolchain/bin/../lib/gcc/arm-none-eabi/4.9.3/../../../../arm-none-eabi/lib/armv7e-m\libc.a(lib_a-readr.o)
                0x00402608                _read_r
 *(.glue_7t)
 .glue_7t       0x00000000        0x0 linker stubs
 *(.glue_7)
 .glue_7        0x00000000        0x0 linker stubs
 *(.rodata .rodata* .gnu.linkonce.r.*)
 .rodata.p_uc_charset10x14
                0x00402630      0x780 src/ASF/sam/components/display/ili93xx/ili93xx.o
                0x00402630                p_uc_charset10x14
 .rodata.str1.4
                0x00402db0       0x14 src/ili93xx_example.o
 .rodata.str1.4
                0x00402dc4        0x4 c:/program files/atmel/studio/7.0/toolchain/arm/arm-gnu-toolchain/bin/../lib/gcc/arm-none-eabi/4.9.3/../../../../arm-none-eabi/lib/armv7e-m\libc.a(lib_a-impure.o)
                                  0x2 (size before relaxing)
 .rodata._global_impure_ptr
                0x00402dc8        0x4 c:/program files/atmel/studio/7.0/toolchain/arm/arm-gnu-toolchain/bin/../lib/gcc/arm-none-eabi/4.9.3/../../../../arm-none-eabi/lib/armv7e-m\libc.a(lib_a-impure.o)
                0x00402dc8                _global_impure_ptr
 *(.ARM.extab* .gnu.linkonce.armextab.*)
                0x00402dcc                . = ALIGN (0x4)
 *(.init)
 .init          0x00402dcc        0x4 c:/program files/atmel/studio/7.0/toolchain/arm/arm-gnu-toolchain/bin/../lib/gcc/arm-none-eabi/4.9.3/armv7e-m/crti.o
                0x00402dcc                _init
 .init          0x00402dd0        0x8 c:/program files/atmel/studio/7.0/toolchain/arm/arm-gnu-toolchain/bin/../lib/gcc/arm-none-eabi/4.9.3/armv7e-m/crtn.o
                0x00402dd8                . = ALIGN (0x4)
                0x00402dd8                __preinit_array_start = .
 *(.preinit_array)
                0x00402dd8                __preinit_array_end = .
                0x00402dd8                . = ALIGN (0x4)
                0x00402dd8                __init_array_start = .
 *(SORT(.init_array.*))
 .init_array.00000
                0x00402dd8        0x4 c:/program files/atmel/studio/7.0/toolchain/arm/arm-gnu-toolchain/bin/../lib/gcc/arm-none-eabi/4.9.3/../../../../arm-none-eabi/lib/armv7e-m\libc.a(lib_a-__call_atexit.o)
 *(.init_array)
 .init_array    0x00402ddc        0x4 c:/program files/atmel/studio/7.0/toolchain/arm/arm-gnu-toolchain/bin/../lib/gcc/arm-none-eabi/4.9.3/armv7e-m/crtbegin.o
                0x00402de0                __init_array_end = .
                0x00402de0                . = ALIGN (0x4)
 *crtbegin.o(.ctors)
 *(EXCLUDE_FILE(*crtend.o) .ctors)
 *(SORT(.ctors.*))
 *crtend.o(.ctors)
                0x00402de0                . = ALIGN (0x4)
 *(.fini)
 .fini          0x00402de0        0x4 c:/program files/atmel/studio/7.0/toolchain/arm/arm-gnu-toolchain/bin/../lib/gcc/arm-none-eabi/4.9.3/armv7e-m/crti.o
                0x00402de0                _fini
 .fini          0x00402de4        0x8 c:/program files/atmel/studio/7.0/toolchain/arm/arm-gnu-toolchain/bin/../lib/gcc/arm-none-eabi/4.9.3/armv7e-m/crtn.o
                0x00402dec                . = ALIGN (0x4)
                0x00402dec                __fini_array_start = .
 *(.fini_array)
 .fini_array    0x00402dec        0x4 c:/program files/atmel/studio/7.0/toolchain/arm/arm-gnu-toolchain/bin/../lib/gcc/arm-none-eabi/4.9.3/armv7e-m/crtbegin.o
 *(SORT(.fini_array.*))
                0x00402df0                __fini_array_end = .
 *crtbegin.o(.dtors)
 *(EXCLUDE_FILE(*crtend.o) .dtors)
 *(SORT(.dtors.*))
 *crtend.o(.dtors)
                0x00402df0                . = ALIGN (0x4)
                0x00402df0                _efixed = .
                0x00402df0                PROVIDE (__exidx_start, .)

.vfp11_veneer   0x00402df0        0x0
 .vfp11_veneer  0x00000000        0x0 linker stubs

.v4_bx          0x00402df0        0x0
 .v4_bx         0x00000000        0x0 linker stubs

.iplt           0x00402df0        0x0
 .iplt          0x00000000        0x0 c:/program files/atmel/studio/7.0/toolchain/arm/arm-gnu-toolchain/bin/../lib/gcc/arm-none-eabi/4.9.3/armv7e-m/crtbegin.o

.eh_frame       0x00402df0        0x0
 .eh_frame      0x00402df0        0x0 c:/program files/atmel/studio/7.0/toolchain/arm/arm-gnu-toolchain/bin/../lib/gcc/arm-none-eabi/4.9.3/armv7e-m/crtbegin.o

.rel.dyn        0x00402df0        0x0
 .rel.iplt      0x00000000        0x0 c:/program files/atmel/studio/7.0/toolchain/arm/arm-gnu-toolchain/bin/../lib/gcc/arm-none-eabi/4.9.3/armv7e-m/crtbegin.o

.jcr            0x00402df0        0x0
 .jcr           0x00402df0        0x0 c:/program files/atmel/studio/7.0/toolchain/arm/arm-gnu-toolchain/bin/../lib/gcc/arm-none-eabi/4.9.3/armv7e-m/crtbegin.o

.igot.plt       0x00402df0        0x0
 .igot.plt      0x00000000        0x0 c:/program files/atmel/studio/7.0/toolchain/arm/arm-gnu-toolchain/bin/../lib/gcc/arm-none-eabi/4.9.3/armv7e-m/crtbegin.o

.ARM.exidx
 *(.ARM.exidx* .gnu.linkonce.armexidx.*)
                0x00402df0                PROVIDE (__exidx_end, .)
                0x00402df0                . = ALIGN (0x4)
                0x00402df0                _etext = .

.relocate       0x20000000      0x84c load address 0x00402df0
                0x20000000                . = ALIGN (0x4)
                0x20000000                _srelocate = .
 *(.ramfunc .ramfunc.*)
 *(.data .data.*)
 .data.g_ul_lcd_x_length
                0x20000000        0x4 src/ASF/sam/components/display/ili93xx/ili93xx.o
 .data.g_ul_lcd_y_length
                0x20000004        0x4 src/ASF/sam/components/display/ili93xx/ili93xx.o
 .data.SystemCoreClock
                0x20000008        0x4 src/ASF/sam/utils/cmsis/sam4s/source/templates/system_sam4s.o
                0x20000008                SystemCoreClock
 *fill*         0x2000000c        0x4 
 .data.impure_data
                0x20000010      0x428 c:/program files/atmel/studio/7.0/toolchain/arm/arm-gnu-toolchain/bin/../lib/gcc/arm-none-eabi/4.9.3/../../../../arm-none-eabi/lib/armv7e-m\libc.a(lib_a-impure.o)
 .data._impure_ptr
                0x20000438        0x4 c:/program files/atmel/studio/7.0/toolchain/arm/arm-gnu-toolchain/bin/../lib/gcc/arm-none-eabi/4.9.3/../../../../arm-none-eabi/lib/armv7e-m\libc.a(lib_a-impure.o)
                0x20000438                _impure_ptr
 .data.__malloc_av_
                0x2000043c      0x408 c:/program files/atmel/studio/7.0/toolchain/arm/arm-gnu-toolchain/bin/../lib/gcc/arm-none-eabi/4.9.3/../../../../arm-none-eabi/lib/armv7e-m\libc.a(lib_a-mallocr.o)
                0x2000043c                __malloc_av_
 .data.__malloc_trim_threshold
                0x20000844        0x4 c:/program files/atmel/studio/7.0/toolchain/arm/arm-gnu-toolchain/bin/../lib/gcc/arm-none-eabi/4.9.3/../../../../arm-none-eabi/lib/armv7e-m\libc.a(lib_a-mallocr.o)
                0x20000844                __malloc_trim_threshold
 .data.__malloc_sbrk_base
                0x20000848        0x4 c:/program files/atmel/studio/7.0/toolchain/arm/arm-gnu-toolchain/bin/../lib/gcc/arm-none-eabi/4.9.3/../../../../arm-none-eabi/lib/armv7e-m\libc.a(lib_a-mallocr.o)
                0x20000848                __malloc_sbrk_base
                0x2000084c                . = ALIGN (0x4)
                0x2000084c                _erelocate = .

.bss            0x2000084c      0x4b0 load address 0x0040363c
                0x2000084c                . = ALIGN (0x4)
                0x2000084c                _sbss = .
                0x2000084c                _szero = .
 *(.bss .bss.*)
 .bss           0x2000084c       0x1c c:/program files/atmel/studio/7.0/toolchain/arm/arm-gnu-toolchain/bin/../lib/gcc/arm-none-eabi/4.9.3/armv7e-m/crtbegin.o
 .bss.g_ul_pixel_cache
                0x20000868      0x3c0 src/ASF/sam/components/display/ili93xx/ili93xx.o
 .bss.g_uc_device_type
                0x20000c28        0x1 src/ASF/sam/components/display/ili93xx/ili93xx.o
 *fill*         0x20000c29        0x3 
 .bss.pio_capture_handler
                0x20000c2c        0x4 src/ASF/sam/drivers/pio/pio_handler.o
 .bss.gs_interrupt_sources
                0x20000c30       0x70 src/ASF/sam/drivers/pio/pio_handler.o
 .bss.heap.5212
                0x20000ca0        0x4 src/ASF/sam/utils/syscalls/gcc/syscalls.o
 .bss.__malloc_max_total_mem
                0x20000ca4        0x4 c:/program files/atmel/studio/7.0/toolchain/arm/arm-gnu-toolchain/bin/../lib/gcc/arm-none-eabi/4.9.3/../../../../arm-none-eabi/lib/armv7e-m\libc.a(lib_a-mallocr.o)
                0x20000ca4                __malloc_max_total_mem
 .bss.__malloc_max_sbrked_mem
                0x20000ca8        0x4 c:/program files/atmel/studio/7.0/toolchain/arm/arm-gnu-toolchain/bin/../lib/gcc/arm-none-eabi/4.9.3/../../../../arm-none-eabi/lib/armv7e-m\libc.a(lib_a-mallocr.o)
                0x20000ca8                __malloc_max_sbrked_mem
 .bss.__malloc_top_pad
                0x20000cac        0x4 c:/program files/atmel/studio/7.0/toolchain/arm/arm-gnu-toolchain/bin/../lib/gcc/arm-none-eabi/4.9.3/../../../../arm-none-eabi/lib/armv7e-m\libc.a(lib_a-mallocr.o)
                0x20000cac                __malloc_top_pad
 .bss.__malloc_current_mallinfo
                0x20000cb0       0x28 c:/program files/atmel/studio/7.0/toolchain/arm/arm-gnu-toolchain/bin/../lib/gcc/arm-none-eabi/4.9.3/../../../../arm-none-eabi/lib/armv7e-m\libc.a(lib_a-mallocr.o)
                0x20000cb0                __malloc_current_mallinfo
 *(COMMON)
 COMMON         0x20000cd8        0x4 src/ASF/common/utils/stdio/read.o
                0x20000cd8                ptr_get
 COMMON         0x20000cdc        0x8 src/ASF/common/utils/stdio/write.o
                0x20000cdc                ptr_put
                0x20000ce0                stdio_base
 COMMON         0x20000ce4        0x4 src/ASF/sam/drivers/pio/pio.o
                0x20000ce4                pio_capture_enable_flag
 COMMON         0x20000ce8       0x10 src/ili93xx_example.o
                0x20000ce8                g_ili93xx_display_opt
 COMMON         0x20000cf8        0x4 c:/program files/atmel/studio/7.0/toolchain/arm/arm-gnu-toolchain/bin/../lib/gcc/arm-none-eabi/4.9.3/../../../../arm-none-eabi/lib/armv7e-m\libc.a(lib_a-reent.o)
                0x20000cf8                errno
                0x20000cfc                . = ALIGN (0x4)
                0x20000cfc                _ebss = .
                0x20000cfc                _ezero = .

.stack          0x20000cfc     0x3004 load address 0x00403aec
                0x20000d00                . = ALIGN (0x8)
 *fill*         0x20000cfc        0x4 
                0x20000d00                _sstack = .
                0x20003d00                . = (. + __stack_size__)
 *fill*         0x20000d00     0x3000 
                0x20003d00                . = ALIGN (0x8)
                0x20003d00                _estack = .
                0x20003d00                . = ALIGN (0x4)
                0x20003d00                _end = .
OUTPUT(ILI93XX_EXAMPLE1.elf elf32-littlearm)

.ARM.attributes
                0x00000000       0x2a
 .ARM.attributes
                0x00000000       0x1e c:/program files/atmel/studio/7.0/toolchain/arm/arm-gnu-toolchain/bin/../lib/gcc/arm-none-eabi/4.9.3/armv7e-m/crti.o
 .ARM.attributes
                0x0000001e       0x2e c:/program files/atmel/studio/7.0/toolchain/arm/arm-gnu-toolchain/bin/../lib/gcc/arm-none-eabi/4.9.3/armv7e-m/crtbegin.o
 .ARM.attributes
                0x0000004c       0x33 src/ASF/common/services/clock/sam4s/sysclk.o
 .ARM.attributes
                0x0000007f       0x33 src/ASF/common/utils/stdio/read.o
 .ARM.attributes
                0x000000b2       0x33 src/ASF/common/utils/stdio/write.o
 .ARM.attributes
                0x000000e5       0x33 src/ASF/sam/boards/sam4s_ek2/init.o
 .ARM.attributes
                0x00000118       0x33 src/ASF/sam/components/display/aat31xx/aat31xx.o
 .ARM.attributes
                0x0000014b       0x33 src/ASF/sam/components/display/ili93xx/ili93xx.o
 .ARM.attributes
                0x0000017e       0x33 src/ASF/sam/drivers/ebi/smc/smc.o
 .ARM.attributes
                0x000001b1       0x33 src/ASF/sam/drivers/pio/pio.o
 .ARM.attributes
                0x000001e4       0x33 src/ASF/sam/drivers/pio/pio_handler.o
 .ARM.attributes
                0x00000217       0x33 src/ASF/sam/drivers/pmc/pmc.o
 .ARM.attributes
                0x0000024a       0x33 src/ASF/sam/drivers/tc/tc.o
 .ARM.attributes
                0x0000027d       0x33 src/ASF/sam/drivers/uart/uart.o
 .ARM.attributes
                0x000002b0       0x33 src/ASF/sam/drivers/usart/usart.o
 .ARM.attributes
                0x000002e3       0x33 src/ASF/sam/utils/cmsis/sam4s/source/templates/gcc/startup_sam4s.o
 .ARM.attributes
                0x00000316       0x33 src/ASF/sam/utils/cmsis/sam4s/source/templates/system_sam4s.o
 .ARM.attributes
                0x00000349       0x33 src/ASF/sam/utils/syscalls/gcc/syscalls.o
 .ARM.attributes
                0x0000037c       0x33 src/ili93xx_example.o
 .ARM.attributes
                0x000003af       0x2e c:/program files/atmel/studio/7.0/toolchain/arm/arm-gnu-toolchain/bin/../lib/gcc/arm-none-eabi/4.9.3/../../../../arm-none-eabi/lib/armv7e-m\libc.a(lib_a-impure.o)
 .ARM.attributes
                0x000003dd       0x2e c:/program files/atmel/studio/7.0/toolchain/arm/arm-gnu-toolchain/bin/../lib/gcc/arm-none-eabi/4.9.3/../../../../arm-none-eabi/lib/armv7e-m\libc.a(lib_a-init.o)
 .ARM.attributes
                0x0000040b       0x2e c:/program files/atmel/studio/7.0/toolchain/arm/arm-gnu-toolchain/bin/../lib/gcc/arm-none-eabi/4.9.3/../../../../arm-none-eabi/lib/armv7e-m\libc.a(lib_a-memset.o)
 .ARM.attributes
                0x00000439       0x2e c:/program files/atmel/studio/7.0/toolchain/arm/arm-gnu-toolchain/bin/../lib/gcc/arm-none-eabi/4.9.3/../../../../arm-none-eabi/lib/armv7e-m\libc.a(lib_a-setbuf.o)
 .ARM.attributes
                0x00000467       0x2e c:/program files/atmel/studio/7.0/toolchain/arm/arm-gnu-toolchain/bin/../lib/gcc/arm-none-eabi/4.9.3/../../../../arm-none-eabi/lib/armv7e-m\libc.a(lib_a-setvbuf.o)
 .ARM.attributes
                0x00000495       0x2e c:/program files/atmel/studio/7.0/toolchain/arm/arm-gnu-toolchain/bin/../lib/gcc/arm-none-eabi/4.9.3/../../../../arm-none-eabi/lib/armv7e-m\libc.a(lib_a-__call_atexit.o)
 .ARM.attributes
                0x000004c3       0x2e c:/program files/atmel/studio/7.0/toolchain/arm/arm-gnu-toolchain/bin/../lib/gcc/arm-none-eabi/4.9.3/../../../../arm-none-eabi/lib/armv7e-m\libc.a(lib_a-atexit.o)
 .ARM.attributes
                0x000004f1       0x2e c:/program files/atmel/studio/7.0/toolchain/arm/arm-gnu-toolchain/bin/../lib/gcc/arm-none-eabi/4.9.3/../../../../arm-none-eabi/lib/armv7e-m\libc.a(lib_a-fflush.o)
 .ARM.attributes
                0x0000051f       0x2e c:/program files/atmel/studio/7.0/toolchain/arm/arm-gnu-toolchain/bin/../lib/gcc/arm-none-eabi/4.9.3/../../../../arm-none-eabi/lib/armv7e-m\libc.a(lib_a-findfp.o)
 .ARM.attributes
                0x0000054d       0x2e c:/program files/atmel/studio/7.0/toolchain/arm/arm-gnu-toolchain/bin/../lib/gcc/arm-none-eabi/4.9.3/../../../../arm-none-eabi/lib/armv7e-m\libc.a(lib_a-fini.o)
 .ARM.attributes
                0x0000057b       0x2e c:/program files/atmel/studio/7.0/toolchain/arm/arm-gnu-toolchain/bin/../lib/gcc/arm-none-eabi/4.9.3/../../../../arm-none-eabi/lib/armv7e-m\libc.a(lib_a-freer.o)
 .ARM.attributes
                0x000005a9       0x2e c:/program files/atmel/studio/7.0/toolchain/arm/arm-gnu-toolchain/bin/../lib/gcc/arm-none-eabi/4.9.3/../../../../arm-none-eabi/lib/armv7e-m\libc.a(lib_a-fwalk.o)
 .ARM.attributes
                0x000005d7       0x2e c:/program files/atmel/studio/7.0/toolchain/arm/arm-gnu-toolchain/bin/../lib/gcc/arm-none-eabi/4.9.3/../../../../arm-none-eabi/lib/armv7e-m\libc.a(lib_a-malloc.o)
 .ARM.attributes
                0x00000605       0x2e c:/program files/atmel/studio/7.0/toolchain/arm/arm-gnu-toolchain/bin/../lib/gcc/arm-none-eabi/4.9.3/../../../../arm-none-eabi/lib/armv7e-m\libc.a(lib_a-mallocr.o)
 .ARM.attributes
                0x00000633       0x2e c:/program files/atmel/studio/7.0/toolchain/arm/arm-gnu-toolchain/bin/../lib/gcc/arm-none-eabi/4.9.3/../../../../arm-none-eabi/lib/armv7e-m\libc.a(lib_a-mlock.o)
 .ARM.attributes
                0x00000661       0x2e c:/program files/atmel/studio/7.0/toolchain/arm/arm-gnu-toolchain/bin/../lib/gcc/arm-none-eabi/4.9.3/../../../../arm-none-eabi/lib/armv7e-m\libc.a(lib_a-sbrkr.o)
 .ARM.attributes
                0x0000068f       0x2e c:/program files/atmel/studio/7.0/toolchain/arm/arm-gnu-toolchain/bin/../lib/gcc/arm-none-eabi/4.9.3/../../../../arm-none-eabi/lib/armv7e-m\libc.a(lib_a-stdio.o)
 .ARM.attributes
                0x000006bd       0x2e c:/program files/atmel/studio/7.0/toolchain/arm/arm-gnu-toolchain/bin/../lib/gcc/arm-none-eabi/4.9.3/../../../../arm-none-eabi/lib/armv7e-m\libc.a(lib_a-writer.o)
 .ARM.attributes
                0x000006eb       0x2e c:/program files/atmel/studio/7.0/toolchain/arm/arm-gnu-toolchain/bin/../lib/gcc/arm-none-eabi/4.9.3/../../../../arm-none-eabi/lib/armv7e-m\libc.a(lib_a-__atexit.o)
 .ARM.attributes
                0x00000719       0x2e c:/program files/atmel/studio/7.0/toolchain/arm/arm-gnu-toolchain/bin/../lib/gcc/arm-none-eabi/4.9.3/../../../../arm-none-eabi/lib/armv7e-m\libc.a(lib_a-closer.o)
 .ARM.attributes
                0x00000747       0x2e c:/program files/atmel/studio/7.0/toolchain/arm/arm-gnu-toolchain/bin/../lib/gcc/arm-none-eabi/4.9.3/../../../../arm-none-eabi/lib/armv7e-m\libc.a(lib_a-fclose.o)
 .ARM.attributes
                0x00000775       0x2e c:/program files/atmel/studio/7.0/toolchain/arm/arm-gnu-toolchain/bin/../lib/gcc/arm-none-eabi/4.9.3/../../../../arm-none-eabi/lib/armv7e-m\libc.a(lib_a-lseekr.o)
 .ARM.attributes
                0x000007a3       0x2e c:/program files/atmel/studio/7.0/toolchain/arm/arm-gnu-toolchain/bin/../lib/gcc/arm-none-eabi/4.9.3/../../../../arm-none-eabi/lib/armv7e-m\libc.a(lib_a-readr.o)
 .ARM.attributes
                0x000007d1       0x2e c:/program files/atmel/studio/7.0/toolchain/arm/arm-gnu-toolchain/bin/../lib/gcc/arm-none-eabi/4.9.3/../../../../arm-none-eabi/lib/armv7e-m\libc.a(lib_a-reent.o)
 .ARM.attributes
                0x000007ff       0x1e c:/program files/atmel/studio/7.0/toolchain/arm/arm-gnu-toolchain/bin/../lib/gcc/arm-none-eabi/4.9.3/armv7e-m/crtn.o

.comment        0x00000000       0x5b
 .comment       0x00000000       0x5b src/ASF/common/services/clock/sam4s/sysclk.o
                                 0x5c (size before relaxing)
 .comment       0x00000000       0x5c src/ASF/common/utils/stdio/read.o
 .comment       0x00000000       0x5c src/ASF/common/utils/stdio/write.o
 .comment       0x00000000       0x5c src/ASF/sam/boards/sam4s_ek2/init.o
 .comment       0x00000000       0x5c src/ASF/sam/components/display/aat31xx/aat31xx.o
 .comment       0x00000000       0x5c src/ASF/sam/components/display/ili93xx/ili93xx.o
 .comment       0x00000000       0x5c src/ASF/sam/drivers/ebi/smc/smc.o
 .comment       0x00000000       0x5c src/ASF/sam/drivers/pio/pio.o
 .comment       0x00000000       0x5c src/ASF/sam/drivers/pio/pio_handler.o
 .comment       0x00000000       0x5c src/ASF/sam/drivers/pmc/pmc.o
 .comment       0x00000000       0x5c src/ASF/sam/drivers/tc/tc.o
 .comment       0x00000000       0x5c src/ASF/sam/drivers/uart/uart.o
 .comment       0x00000000       0x5c src/ASF/sam/drivers/usart/usart.o
 .comment       0x00000000       0x5c src/ASF/sam/utils/cmsis/sam4s/source/templates/gcc/startup_sam4s.o
 .comment       0x00000000       0x5c src/ASF/sam/utils/cmsis/sam4s/source/templates/system_sam4s.o
 .comment       0x00000000       0x5c src/ASF/sam/utils/syscalls/gcc/syscalls.o
 .comment       0x00000000       0x5c src/ili93xx_example.o

.debug_info     0x00000000     0xd87b
 .debug_info    0x00000000      0x736 src/ASF/common/services/clock/sam4s/sysclk.o
 .debug_info    0x00000736      0x1be src/ASF/common/utils/stdio/read.o
 .debug_info    0x000008f4      0x1c0 src/ASF/common/utils/stdio/write.o
 .debug_info    0x00000ab4      0x83a src/ASF/sam/boards/sam4s_ek2/init.o
 .debug_info    0x000012ee      0x813 src/ASF/sam/components/display/aat31xx/aat31xx.o
 .debug_info    0x00001b01     0x2aa4 src/ASF/sam/components/display/ili93xx/ili93xx.o
 .debug_info    0x000045a5      0x3dd src/ASF/sam/drivers/ebi/smc/smc.o
 .debug_info    0x00004982     0x1951 src/ASF/sam/drivers/pio/pio.o
 .debug_info    0x000062d3      0xf77 src/ASF/sam/drivers/pio/pio_handler.o
 .debug_info    0x0000724a     0x10d2 src/ASF/sam/drivers/pmc/pmc.o
 .debug_info    0x0000831c      0x933 src/ASF/sam/drivers/tc/tc.o
 .debug_info    0x00008c4f      0x863 src/ASF/sam/drivers/uart/uart.o
 .debug_info    0x000094b2     0x1775 src/ASF/sam/drivers/usart/usart.o
 .debug_info    0x0000ac27      0x68d src/ASF/sam/utils/cmsis/sam4s/source/templates/gcc/startup_sam4s.o
 .debug_info    0x0000b2b4      0x469 src/ASF/sam/utils/cmsis/sam4s/source/templates/system_sam4s.o
 .debug_info    0x0000b71d      0x43f src/ASF/sam/utils/syscalls/gcc/syscalls.o
 .debug_info    0x0000bb5c     0x1d1f src/ili93xx_example.o

.debug_abbrev   0x00000000     0x21da
 .debug_abbrev  0x00000000      0x221 src/ASF/common/services/clock/sam4s/sysclk.o
 .debug_abbrev  0x00000221      0x101 src/ASF/common/utils/stdio/read.o
 .debug_abbrev  0x00000322       0xf5 src/ASF/common/utils/stdio/write.o
 .debug_abbrev  0x00000417      0x17a src/ASF/sam/boards/sam4s_ek2/init.o
 .debug_abbrev  0x00000591      0x1ab src/ASF/sam/components/display/aat31xx/aat31xx.o
 .debug_abbrev  0x0000073c      0x39f src/ASF/sam/components/display/ili93xx/ili93xx.o
 .debug_abbrev  0x00000adb      0x113 src/ASF/sam/drivers/ebi/smc/smc.o
 .debug_abbrev  0x00000bee      0x30b src/ASF/sam/drivers/pio/pio.o
 .debug_abbrev  0x00000ef9      0x280 src/ASF/sam/drivers/pio/pio_handler.o
 .debug_abbrev  0x00001179      0x277 src/ASF/sam/drivers/pmc/pmc.o
 .debug_abbrev  0x000013f0      0x1ca src/ASF/sam/drivers/tc/tc.o
 .debug_abbrev  0x000015ba      0x1bd src/ASF/sam/drivers/uart/uart.o
 .debug_abbrev  0x00001777      0x318 src/ASF/sam/drivers/usart/usart.o
 .debug_abbrev  0x00001a8f      0x168 src/ASF/sam/utils/cmsis/sam4s/source/templates/gcc/startup_sam4s.o
 .debug_abbrev  0x00001bf7       0xf5 src/ASF/sam/utils/cmsis/sam4s/source/templates/system_sam4s.o
 .debug_abbrev  0x00001cec      0x14e src/ASF/sam/utils/syscalls/gcc/syscalls.o
 .debug_abbrev  0x00001e3a      0x3a0 src/ili93xx_example.o

.debug_loc      0x00000000     0x652a
 .debug_loc     0x00000000       0xed src/ASF/common/services/clock/sam4s/sysclk.o
 .debug_loc     0x000000ed      0x107 src/ASF/common/utils/stdio/read.o
 .debug_loc     0x000001f4      0x15d src/ASF/common/utils/stdio/write.o
 .debug_loc     0x00000351       0x20 src/ASF/sam/boards/sam4s_ek2/init.o
 .debug_loc     0x00000371       0x77 src/ASF/sam/components/display/aat31xx/aat31xx.o
 .debug_loc     0x000003e8     0x22d7 src/ASF/sam/components/display/ili93xx/ili93xx.o
 .debug_loc     0x000026bf       0xe7 src/ASF/sam/drivers/ebi/smc/smc.o
 .debug_loc     0x000027a6      0xdd7 src/ASF/sam/drivers/pio/pio.o
 .debug_loc     0x0000357d      0x553 src/ASF/sam/drivers/pio/pio_handler.o
 .debug_loc     0x00003ad0      0xd88 src/ASF/sam/drivers/pmc/pmc.o
 .debug_loc     0x00004858      0x6ab src/ASF/sam/drivers/tc/tc.o
 .debug_loc     0x00004f03      0x277 src/ASF/sam/drivers/uart/uart.o
 .debug_loc     0x0000517a      0xf46 src/ASF/sam/drivers/usart/usart.o
 .debug_loc     0x000060c0       0xc6 src/ASF/sam/utils/cmsis/sam4s/source/templates/gcc/startup_sam4s.o
 .debug_loc     0x00006186      0x12b src/ASF/sam/utils/syscalls/gcc/syscalls.o
 .debug_loc     0x000062b1      0x279 src/ili93xx_example.o

.debug_aranges  0x00000000      0xb38
 .debug_aranges
                0x00000000       0x30 src/ASF/common/services/clock/sam4s/sysclk.o
 .debug_aranges
                0x00000030       0x20 src/ASF/common/utils/stdio/read.o
 .debug_aranges
                0x00000050       0x20 src/ASF/common/utils/stdio/write.o
 .debug_aranges
                0x00000070       0x20 src/ASF/sam/boards/sam4s_ek2/init.o
 .debug_aranges
                0x00000090       0x28 src/ASF/sam/components/display/aat31xx/aat31xx.o
 .debug_aranges
                0x000000b8      0x170 src/ASF/sam/components/display/ili93xx/ili93xx.o
 .debug_aranges
                0x00000228       0x50 src/ASF/sam/drivers/ebi/smc/smc.o
 .debug_aranges
                0x00000278      0x1a8 src/ASF/sam/drivers/pio/pio.o
 .debug_aranges
                0x00000420       0x58 src/ASF/sam/drivers/pio/pio_handler.o
 .debug_aranges
                0x00000478      0x208 src/ASF/sam/drivers/pmc/pmc.o
 .debug_aranges
                0x00000680       0xd0 src/ASF/sam/drivers/tc/tc.o
 .debug_aranges
                0x00000750       0xe8 src/ASF/sam/drivers/uart/uart.o
 .debug_aranges
                0x00000838      0x210 src/ASF/sam/drivers/usart/usart.o
 .debug_aranges
                0x00000a48       0x28 src/ASF/sam/utils/cmsis/sam4s/source/templates/gcc/startup_sam4s.o
 .debug_aranges
                0x00000a70       0x30 src/ASF/sam/utils/cmsis/sam4s/source/templates/system_sam4s.o
 .debug_aranges
                0x00000aa0       0x60 src/ASF/sam/utils/syscalls/gcc/syscalls.o
 .debug_aranges
                0x00000b00       0x38 src/ili93xx_example.o

.debug_ranges   0x00000000      0xac8
 .debug_ranges  0x00000000       0x20 src/ASF/common/services/clock/sam4s/sysclk.o
 .debug_ranges  0x00000020       0x10 src/ASF/common/utils/stdio/read.o
 .debug_ranges  0x00000030       0x10 src/ASF/common/utils/stdio/write.o
 .debug_ranges  0x00000040       0x10 src/ASF/sam/boards/sam4s_ek2/init.o
 .debug_ranges  0x00000050       0x18 src/ASF/sam/components/display/aat31xx/aat31xx.o
 .debug_ranges  0x00000068      0x200 src/ASF/sam/components/display/ili93xx/ili93xx.o
 .debug_ranges  0x00000268       0x40 src/ASF/sam/drivers/ebi/smc/smc.o
 .debug_ranges  0x000002a8      0x198 src/ASF/sam/drivers/pio/pio.o
 .debug_ranges  0x00000440       0x48 src/ASF/sam/drivers/pio/pio_handler.o
 .debug_ranges  0x00000488      0x1f8 src/ASF/sam/drivers/pmc/pmc.o
 .debug_ranges  0x00000680       0xc0 src/ASF/sam/drivers/tc/tc.o
 .debug_ranges  0x00000740       0xd8 src/ASF/sam/drivers/uart/uart.o
 .debug_ranges  0x00000818      0x200 src/ASF/sam/drivers/usart/usart.o
 .debug_ranges  0x00000a18       0x18 src/ASF/sam/utils/cmsis/sam4s/source/templates/gcc/startup_sam4s.o
 .debug_ranges  0x00000a30       0x20 src/ASF/sam/utils/cmsis/sam4s/source/templates/system_sam4s.o
 .debug_ranges  0x00000a50       0x50 src/ASF/sam/utils/syscalls/gcc/syscalls.o
 .debug_ranges  0x00000aa0       0x28 src/ili93xx_example.o

.debug_macro    0x00000000    0x14b0d
 .debug_macro   0x00000000      0x522 src/ASF/common/services/clock/sam4s/sysclk.o
 .debug_macro   0x00000522      0x89e src/ASF/common/services/clock/sam4s/sysclk.o
 .debug_macro   0x00000dc0      0x636 src/ASF/common/services/clock/sam4s/sysclk.o
 .debug_macro   0x000013f6       0x28 src/ASF/common/services/clock/sam4s/sysclk.o
 .debug_macro   0x0000141e      0x166 src/ASF/common/services/clock/sam4s/sysclk.o
 .debug_macro   0x00001584       0x76 src/ASF/common/services/clock/sam4s/sysclk.o
 .debug_macro   0x000015fa       0x16 src/ASF/common/services/clock/sam4s/sysclk.o
 .debug_macro   0x00001610      0x6e4 src/ASF/common/services/clock/sam4s/sysclk.o
 .debug_macro   0x00001cf4       0x22 src/ASF/common/services/clock/sam4s/sysclk.o
 .debug_macro   0x00001d16       0x44 src/ASF/common/services/clock/sam4s/sysclk.o
 .debug_macro   0x00001d5a       0x58 src/ASF/common/services/clock/sam4s/sysclk.o
 .debug_macro   0x00001db2       0x22 src/ASF/common/services/clock/sam4s/sysclk.o
 .debug_macro   0x00001dd4      0x1df src/ASF/common/services/clock/sam4s/sysclk.o
 .debug_macro   0x00001fb3       0x27 src/ASF/common/services/clock/sam4s/sysclk.o
 .debug_macro   0x00001fda       0x3b src/ASF/common/services/clock/sam4s/sysclk.o
 .debug_macro   0x00002015       0x2d src/ASF/common/services/clock/sam4s/sysclk.o
 .debug_macro   0x00002042       0x26 src/ASF/common/services/clock/sam4s/sysclk.o
 .debug_macro   0x00002068      0xbbf src/ASF/common/services/clock/sam4s/sysclk.o
 .debug_macro   0x00002c27      0x159 src/ASF/common/services/clock/sam4s/sysclk.o
 .debug_macro   0x00002d80      0xaaf src/ASF/common/services/clock/sam4s/sysclk.o
 .debug_macro   0x0000382f      0x284 src/ASF/common/services/clock/sam4s/sysclk.o
 .debug_macro   0x00003ab3      0x11e src/ASF/common/services/clock/sam4s/sysclk.o
 .debug_macro   0x00003bd1       0xac src/ASF/common/services/clock/sam4s/sysclk.o
 .debug_macro   0x00003c7d      0x401 src/ASF/common/services/clock/sam4s/sysclk.o
 .debug_macro   0x0000407e      0x106 src/ASF/common/services/clock/sam4s/sysclk.o
 .debug_macro   0x00004184       0x1c src/ASF/common/services/clock/sam4s/sysclk.o
 .debug_macro   0x000041a0      0x738 src/ASF/common/services/clock/sam4s/sysclk.o
 .debug_macro   0x000048d8      0x2d2 src/ASF/common/services/clock/sam4s/sysclk.o
 .debug_macro   0x00004baa       0xbe src/ASF/common/services/clock/sam4s/sysclk.o
 .debug_macro   0x00004c68     0x280b src/ASF/common/services/clock/sam4s/sysclk.o
 .debug_macro   0x00007473      0x777 src/ASF/common/services/clock/sam4s/sysclk.o
 .debug_macro   0x00007bea      0xa8e src/ASF/common/services/clock/sam4s/sysclk.o
 .debug_macro   0x00008678       0x9a src/ASF/common/services/clock/sam4s/sysclk.o
 .debug_macro   0x00008712      0x3d8 src/ASF/common/services/clock/sam4s/sysclk.o
 .debug_macro   0x00008aea       0x64 src/ASF/common/services/clock/sam4s/sysclk.o
 .debug_macro   0x00008b4e      0x1ae src/ASF/common/services/clock/sam4s/sysclk.o
 .debug_macro   0x00008cfc      0x386 src/ASF/common/services/clock/sam4s/sysclk.o
 .debug_macro   0x00009082      0x624 src/ASF/common/services/clock/sam4s/sysclk.o
 .debug_macro   0x000096a6      0x690 src/ASF/common/services/clock/sam4s/sysclk.o
 .debug_macro   0x00009d36      0x59f src/ASF/common/services/clock/sam4s/sysclk.o
 .debug_macro   0x0000a2d5      0x34d src/ASF/common/services/clock/sam4s/sysclk.o
 .debug_macro   0x0000a622      0x28c src/ASF/common/services/clock/sam4s/sysclk.o
 .debug_macro   0x0000a8ae      0x2d6 src/ASF/common/services/clock/sam4s/sysclk.o
 .debug_macro   0x0000ab84      0x6d9 src/ASF/common/services/clock/sam4s/sysclk.o
 .debug_macro   0x0000b25d       0x76 src/ASF/common/services/clock/sam4s/sysclk.o
 .debug_macro   0x0000b2d3       0xb8 src/ASF/common/services/clock/sam4s/sysclk.o
 .debug_macro   0x0000b38b       0xb2 src/ASF/common/services/clock/sam4s/sysclk.o
 .debug_macro   0x0000b43d       0x88 src/ASF/common/services/clock/sam4s/sysclk.o
 .debug_macro   0x0000b4c5      0x105 src/ASF/common/services/clock/sam4s/sysclk.o
 .debug_macro   0x0000b5ca      0x105 src/ASF/common/services/clock/sam4s/sysclk.o
 .debug_macro   0x0000b6cf       0x88 src/ASF/common/services/clock/sam4s/sysclk.o
 .debug_macro   0x0000b757       0x88 src/ASF/common/services/clock/sam4s/sysclk.o
 .debug_macro   0x0000b7df      0x2cd src/ASF/common/services/clock/sam4s/sysclk.o
 .debug_macro   0x0000baac       0xb2 src/ASF/common/services/clock/sam4s/sysclk.o
 .debug_macro   0x0000bb5e       0xb2 src/ASF/common/services/clock/sam4s/sysclk.o
 .debug_macro   0x0000bc10       0x52 src/ASF/common/services/clock/sam4s/sysclk.o
 .debug_macro   0x0000bc62       0xac src/ASF/common/services/clock/sam4s/sysclk.o
 .debug_macro   0x0000bd0e       0x7c src/ASF/common/services/clock/sam4s/sysclk.o
 .debug_macro   0x0000bd8a       0x40 src/ASF/common/services/clock/sam4s/sysclk.o
 .debug_macro   0x0000bdca       0x64 src/ASF/common/services/clock/sam4s/sysclk.o
 .debug_macro   0x0000be2e       0x46 src/ASF/common/services/clock/sam4s/sysclk.o
 .debug_macro   0x0000be74       0x88 src/ASF/common/services/clock/sam4s/sysclk.o
 .debug_macro   0x0000befc       0x4c src/ASF/common/services/clock/sam4s/sysclk.o
 .debug_macro   0x0000bf48       0xa6 src/ASF/common/services/clock/sam4s/sysclk.o
 .debug_macro   0x0000bfee       0x7c src/ASF/common/services/clock/sam4s/sysclk.o
 .debug_macro   0x0000c06a       0x16 src/ASF/common/services/clock/sam4s/sysclk.o
 .debug_macro   0x0000c080       0x7c src/ASF/common/services/clock/sam4s/sysclk.o
 .debug_macro   0x0000c0fc       0x22 src/ASF/common/services/clock/sam4s/sysclk.o
 .debug_macro   0x0000c11e       0x22 src/ASF/common/services/clock/sam4s/sysclk.o
 .debug_macro   0x0000c140      0x195 src/ASF/common/services/clock/sam4s/sysclk.o
 .debug_macro   0x0000c2d5      0x165 src/ASF/common/services/clock/sam4s/sysclk.o
 .debug_macro   0x0000c43a      0x165 src/ASF/common/services/clock/sam4s/sysclk.o
 .debug_macro   0x0000c59f       0x1c src/ASF/common/services/clock/sam4s/sysclk.o
 .debug_macro   0x0000c5bb       0x2e src/ASF/common/services/clock/sam4s/sysclk.o
 .debug_macro   0x0000c5e9       0x22 src/ASF/common/services/clock/sam4s/sysclk.o
 .debug_macro   0x0000c60b       0x1c src/ASF/common/services/clock/sam4s/sysclk.o
 .debug_macro   0x0000c627       0x52 src/ASF/common/services/clock/sam4s/sysclk.o
 .debug_macro   0x0000c679       0x10 src/ASF/common/services/clock/sam4s/sysclk.o
 .debug_macro   0x0000c689      0x234 src/ASF/common/services/clock/sam4s/sysclk.o
 .debug_macro   0x0000c8bd      0x938 src/ASF/common/services/clock/sam4s/sysclk.o
 .debug_macro   0x0000d1f5      0x12a src/ASF/common/services/clock/sam4s/sysclk.o
 .debug_macro   0x0000d31f       0x58 src/ASF/common/services/clock/sam4s/sysclk.o
 .debug_macro   0x0000d377       0x35 src/ASF/common/services/clock/sam4s/sysclk.o
 .debug_macro   0x0000d3ac       0x9c src/ASF/common/services/clock/sam4s/sysclk.o
 .debug_macro   0x0000d448       0x16 src/ASF/common/services/clock/sam4s/sysclk.o
 .debug_macro   0x0000d45e       0x35 src/ASF/common/services/clock/sam4s/sysclk.o
 .debug_macro   0x0000d493      0x29d src/ASF/common/services/clock/sam4s/sysclk.o
 .debug_macro   0x0000d730       0x10 src/ASF/common/services/clock/sam4s/sysclk.o
 .debug_macro   0x0000d740       0x52 src/ASF/common/services/clock/sam4s/sysclk.o
 .debug_macro   0x0000d792       0x16 src/ASF/common/services/clock/sam4s/sysclk.o
 .debug_macro   0x0000d7a8       0x43 src/ASF/common/services/clock/sam4s/sysclk.o
 .debug_macro   0x0000d7eb      0x180 src/ASF/common/services/clock/sam4s/sysclk.o
 .debug_macro   0x0000d96b       0x10 src/ASF/common/services/clock/sam4s/sysclk.o
 .debug_macro   0x0000d97b       0x22 src/ASF/common/services/clock/sam4s/sysclk.o
 .debug_macro   0x0000d99d       0xbe src/ASF/common/services/clock/sam4s/sysclk.o
 .debug_macro   0x0000da5b       0x16 src/ASF/common/services/clock/sam4s/sysclk.o
 .debug_macro   0x0000da71      0x197 src/ASF/common/services/clock/sam4s/sysclk.o
 .debug_macro   0x0000dc08       0x22 src/ASF/common/services/clock/sam4s/sysclk.o
 .debug_macro   0x0000dc2a       0x16 src/ASF/common/services/clock/sam4s/sysclk.o
 .debug_macro   0x0000dc40       0x16 src/ASF/common/services/clock/sam4s/sysclk.o
 .debug_macro   0x0000dc56       0x29 src/ASF/common/services/clock/sam4s/sysclk.o
 .debug_macro   0x0000dc7f       0x6e src/ASF/common/services/clock/sam4s/sysclk.o
 .debug_macro   0x0000dced       0x3f src/ASF/common/services/clock/sam4s/sysclk.o
 .debug_macro   0x0000dd2c      0x3ca src/ASF/common/services/clock/sam4s/sysclk.o
 .debug_macro   0x0000e0f6      0x288 src/ASF/common/services/clock/sam4s/sysclk.o
 .debug_macro   0x0000e37e      0xa49 src/ASF/common/services/clock/sam4s/sysclk.o
 .debug_macro   0x0000edc7       0x58 src/ASF/common/services/clock/sam4s/sysclk.o
 .debug_macro   0x0000ee1f       0x64 src/ASF/common/services/clock/sam4s/sysclk.o
 .debug_macro   0x0000ee83       0x46 src/ASF/common/services/clock/sam4s/sysclk.o
 .debug_macro   0x0000eec9       0x90 src/ASF/common/services/clock/sam4s/sysclk.o
 .debug_macro   0x0000ef59      0x4a8 src/ASF/common/utils/stdio/read.o
 .debug_macro   0x0000f401      0x4a8 src/ASF/common/utils/stdio/write.o
 .debug_macro   0x0000f8a9      0x561 src/ASF/sam/boards/sam4s_ek2/init.o
 .debug_macro   0x0000fe0a       0x58 src/ASF/sam/boards/sam4s_ek2/init.o
 .debug_macro   0x0000fe62       0x94 src/ASF/sam/boards/sam4s_ek2/init.o
 .debug_macro   0x0000fef6       0x40 src/ASF/sam/boards/sam4s_ek2/init.o
 .debug_macro   0x0000ff36       0x82 src/ASF/sam/boards/sam4s_ek2/init.o
 .debug_macro   0x0000ffb8      0x570 src/ASF/sam/components/display/aat31xx/aat31xx.o
 .debug_macro   0x00010528       0x16 src/ASF/sam/components/display/aat31xx/aat31xx.o
 .debug_macro   0x0001053e      0x510 src/ASF/sam/components/display/ili93xx/ili93xx.o
 .debug_macro   0x00010a4e       0x4a src/ASF/sam/components/display/ili93xx/ili93xx.o
 .debug_macro   0x00010a98       0x10 src/ASF/sam/components/display/ili93xx/ili93xx.o
 .debug_macro   0x00010aa8       0x1c src/ASF/sam/components/display/ili93xx/ili93xx.o
 .debug_macro   0x00010ac4       0x16 src/ASF/sam/components/display/ili93xx/ili93xx.o
 .debug_macro   0x00010ada      0x14f src/ASF/sam/components/display/ili93xx/ili93xx.o
 .debug_macro   0x00010c29      0x287 src/ASF/sam/components/display/ili93xx/ili93xx.o
 .debug_macro   0x00010eb0      0x7ed src/ASF/sam/components/display/ili93xx/ili93xx.o
 .debug_macro   0x0001169d      0x4d5 src/ASF/sam/drivers/ebi/smc/smc.o
 .debug_macro   0x00011b72      0x4bd src/ASF/sam/drivers/pio/pio.o
 .debug_macro   0x0001202f       0x8e src/ASF/sam/drivers/pio/pio.o
 .debug_macro   0x000120bd      0x4c7 src/ASF/sam/drivers/pio/pio_handler.o
 .debug_macro   0x00012584      0x4bd src/ASF/sam/drivers/pmc/pmc.o
 .debug_macro   0x00012a41       0x52 src/ASF/sam/drivers/pmc/pmc.o
 .debug_macro   0x00012a93      0x4be src/ASF/sam/drivers/tc/tc.o
 .debug_macro   0x00012f51      0x4b7 src/ASF/sam/drivers/uart/uart.o
 .debug_macro   0x00013408       0x16 src/ASF/sam/drivers/uart/uart.o
 .debug_macro   0x0001341e      0x4ed src/ASF/sam/drivers/usart/usart.o
 .debug_macro   0x0001390b       0x28 src/ASF/sam/drivers/usart/usart.o
 .debug_macro   0x00013933      0x316 src/ASF/sam/utils/cmsis/sam4s/source/templates/gcc/startup_sam4s.o
 .debug_macro   0x00013c49      0x31e src/ASF/sam/utils/cmsis/sam4s/source/templates/system_sam4s.o
 .debug_macro   0x00013f67      0x169 src/ASF/sam/utils/syscalls/gcc/syscalls.o
 .debug_macro   0x000140d0       0x97 src/ASF/sam/utils/syscalls/gcc/syscalls.o
 .debug_macro   0x00014167       0xef src/ASF/sam/utils/syscalls/gcc/syscalls.o
 .debug_macro   0x00014256       0x52 src/ASF/sam/utils/syscalls/gcc/syscalls.o
 .debug_macro   0x000142a8       0x16 src/ASF/sam/utils/syscalls/gcc/syscalls.o
 .debug_macro   0x000142be       0x10 src/ASF/sam/utils/syscalls/gcc/syscalls.o
 .debug_macro   0x000142ce       0x10 src/ASF/sam/utils/syscalls/gcc/syscalls.o
 .debug_macro   0x000142de       0x10 src/ASF/sam/utils/syscalls/gcc/syscalls.o
 .debug_macro   0x000142ee       0x35 src/ASF/sam/utils/syscalls/gcc/syscalls.o
 .debug_macro   0x00014323      0x122 src/ASF/sam/utils/syscalls/gcc/syscalls.o
 .debug_macro   0x00014445      0x6a2 src/ili93xx_example.o
 .debug_macro   0x00014ae7       0x10 src/ili93xx_example.o
 .debug_macro   0x00014af7       0x16 src/ili93xx_example.o

.debug_line     0x00000000     0xc7cb
 .debug_line    0x00000000      0xb45 src/ASF/common/services/clock/sam4s/sysclk.o
 .debug_line    0x00000b45      0xa1a src/ASF/common/utils/stdio/read.o
 .debug_line    0x0000155f      0xa10 src/ASF/common/utils/stdio/write.o
 .debug_line    0x00001f6f      0xbfa src/ASF/sam/boards/sam4s_ek2/init.o
 .debug_line    0x00002b69      0xbdc src/ASF/sam/components/display/aat31xx/aat31xx.o
 .debug_line    0x00003745     0x121b src/ASF/sam/components/display/ili93xx/ili93xx.o
 .debug_line    0x00004960      0xabd src/ASF/sam/drivers/ebi/smc/smc.o
 .debug_line    0x0000541d      0xea1 src/ASF/sam/drivers/pio/pio.o
 .debug_line    0x000062be      0xac6 src/ASF/sam/drivers/pio/pio_handler.o
 .debug_line    0x00006d84      0xfcd src/ASF/sam/drivers/pmc/pmc.o
 .debug_line    0x00007d51      0xbb2 src/ASF/sam/drivers/tc/tc.o
 .debug_line    0x00008903      0xbc8 src/ASF/sam/drivers/uart/uart.o
 .debug_line    0x000094cb      0xf86 src/ASF/sam/drivers/usart/usart.o
 .debug_line    0x0000a451      0x865 src/ASF/sam/utils/cmsis/sam4s/source/templates/gcc/startup_sam4s.o
 .debug_line    0x0000acb6      0x87f src/ASF/sam/utils/cmsis/sam4s/source/templates/system_sam4s.o
 .debug_line    0x0000b535      0x381 src/ASF/sam/utils/syscalls/gcc/syscalls.o
 .debug_line    0x0000b8b6      0xf15 src/ili93xx_example.o

.debug_str      0x00000000    0x58ff3
 .debug_str     0x00000000    0x4e500 src/ASF/common/services/clock/sam4s/sysclk.o
                              0x4e87e (size before relaxing)
 .debug_str     0x0004e500       0x3f src/ASF/common/utils/stdio/read.o
                              0x49c1b (size before relaxing)
 .debug_str     0x0004e53f       0x2e src/ASF/common/utils/stdio/write.o
                              0x49c1d (size before relaxing)
 .debug_str     0x0004e56d      0xcc4 src/ASF/sam/boards/sam4s_ek2/init.o
                              0x4f2b5 (size before relaxing)
 .debug_str     0x0004f231      0x223 src/ASF/sam/components/display/aat31xx/aat31xx.o
                              0x4ee1f (size before relaxing)
 .debug_str     0x0004f454     0x65cd src/ASF/sam/components/display/ili93xx/ili93xx.o
                              0x542d5 (size before relaxing)
 .debug_str     0x00055a21      0x19a src/ASF/sam/drivers/ebi/smc/smc.o
                              0x4ddfb (size before relaxing)
 .debug_str     0x00055bbb      0x5c0 src/ASF/sam/drivers/pio/pio.o
                              0x4a830 (size before relaxing)
 .debug_str     0x0005617b      0x402 src/ASF/sam/drivers/pio/pio_handler.o
                              0x4a6ab (size before relaxing)
 .debug_str     0x0005657d      0x6df src/ASF/sam/drivers/pmc/pmc.o
                              0x4a67f (size before relaxing)
 .debug_str     0x00056c5c      0x2e9 src/ASF/sam/drivers/tc/tc.o
                              0x49f7b (size before relaxing)
 .debug_str     0x00056f45      0x338 src/ASF/sam/drivers/uart/uart.o
                              0x49fcf (size before relaxing)
 .debug_str     0x0005727d      0x949 src/ASF/sam/drivers/usart/usart.o
                              0x4a615 (size before relaxing)
 .debug_str     0x00057bc6      0x40e src/ASF/sam/utils/cmsis/sam4s/source/templates/gcc/startup_sam4s.o
                              0x3b48b (size before relaxing)
 .debug_str     0x00057fd4       0xf1 src/ASF/sam/utils/cmsis/sam4s/source/templates/system_sam4s.o
                              0x3b254 (size before relaxing)
 .debug_str     0x000580c5      0x852 src/ASF/sam/utils/syscalls/gcc/syscalls.o
                               0x611f (size before relaxing)
 .debug_str     0x00058917      0x6dc src/ili93xx_example.o
                              0x55cc3 (size before relaxing)

.debug_frame    0x00000000     0x1fac
 .debug_frame   0x00000000       0x58 src/ASF/common/services/clock/sam4s/sysclk.o
 .debug_frame   0x00000058       0x38 src/ASF/common/utils/stdio/read.o
 .debug_frame   0x00000090       0x48 src/ASF/common/utils/stdio/write.o
 .debug_frame   0x000000d8       0x28 src/ASF/sam/boards/sam4s_ek2/init.o
 .debug_frame   0x00000100       0x40 src/ASF/sam/components/display/aat31xx/aat31xx.o
 .debug_frame   0x00000140      0x4d4 src/ASF/sam/components/display/ili93xx/ili93xx.o
 .debug_frame   0x00000614       0x80 src/ASF/sam/drivers/ebi/smc/smc.o
 .debug_frame   0x00000694      0x38c src/ASF/sam/drivers/pio/pio.o
 .debug_frame   0x00000a20       0xf4 src/ASF/sam/drivers/pio/pio_handler.o
 .debug_frame   0x00000b14      0x46c src/ASF/sam/drivers/pmc/pmc.o
 .debug_frame   0x00000f80      0x1a4 src/ASF/sam/drivers/tc/tc.o
 .debug_frame   0x00001124      0x1bc src/ASF/sam/drivers/uart/uart.o
 .debug_frame   0x000012e0      0x48c src/ASF/sam/drivers/usart/usart.o
 .debug_frame   0x0000176c       0x38 src/ASF/sam/utils/cmsis/sam4s/source/templates/gcc/startup_sam4s.o
 .debug_frame   0x000017a4       0x40 src/ASF/sam/utils/cmsis/sam4s/source/templates/system_sam4s.o
 .debug_frame   0x000017e4       0xa8 src/ASF/sam/utils/syscalls/gcc/syscalls.o
 .debug_frame   0x0000188c       0x88 src/ili93xx_example.o
 .debug_frame   0x00001914       0x2c c:/program files/atmel/studio/7.0/toolchain/arm/arm-gnu-toolchain/bin/../lib/gcc/arm-none-eabi/4.9.3/../../../../arm-none-eabi/lib/armv7e-m\libc.a(lib_a-init.o)
 .debug_frame   0x00001940       0x34 c:/program files/atmel/studio/7.0/toolchain/arm/arm-gnu-toolchain/bin/../lib/gcc/arm-none-eabi/4.9.3/../../../../arm-none-eabi/lib/armv7e-m\libc.a(lib_a-memset.o)
 .debug_frame   0x00001974       0x20 c:/program files/atmel/studio/7.0/toolchain/arm/arm-gnu-toolchain/bin/../lib/gcc/arm-none-eabi/4.9.3/../../../../arm-none-eabi/lib/armv7e-m\libc.a(lib_a-setbuf.o)
 .debug_frame   0x00001994       0x30 c:/program files/atmel/studio/7.0/toolchain/arm/arm-gnu-toolchain/bin/../lib/gcc/arm-none-eabi/4.9.3/../../../../arm-none-eabi/lib/armv7e-m\libc.a(lib_a-setvbuf.o)
 .debug_frame   0x000019c4       0x50 c:/program files/atmel/studio/7.0/toolchain/arm/arm-gnu-toolchain/bin/../lib/gcc/arm-none-eabi/4.9.3/../../../../arm-none-eabi/lib/armv7e-m\libc.a(lib_a-__call_atexit.o)
 .debug_frame   0x00001a14       0x20 c:/program files/atmel/studio/7.0/toolchain/arm/arm-gnu-toolchain/bin/../lib/gcc/arm-none-eabi/4.9.3/../../../../arm-none-eabi/lib/armv7e-m\libc.a(lib_a-atexit.o)
 .debug_frame   0x00001a34       0x6c c:/program files/atmel/studio/7.0/toolchain/arm/arm-gnu-toolchain/bin/../lib/gcc/arm-none-eabi/4.9.3/../../../../arm-none-eabi/lib/armv7e-m\libc.a(lib_a-fflush.o)
 .debug_frame   0x00001aa0      0x124 c:/program files/atmel/studio/7.0/toolchain/arm/arm-gnu-toolchain/bin/../lib/gcc/arm-none-eabi/4.9.3/../../../../arm-none-eabi/lib/armv7e-m\libc.a(lib_a-findfp.o)
 .debug_frame   0x00001bc4       0x34 c:/program files/atmel/studio/7.0/toolchain/arm/arm-gnu-toolchain/bin/../lib/gcc/arm-none-eabi/4.9.3/../../../../arm-none-eabi/lib/armv7e-m\libc.a(lib_a-fini.o)
 .debug_frame   0x00001bf8       0x74 c:/program files/atmel/studio/7.0/toolchain/arm/arm-gnu-toolchain/bin/../lib/gcc/arm-none-eabi/4.9.3/../../../../arm-none-eabi/lib/armv7e-m\libc.a(lib_a-freer.o)
 .debug_frame   0x00001c6c       0x54 c:/program files/atmel/studio/7.0/toolchain/arm/arm-gnu-toolchain/bin/../lib/gcc/arm-none-eabi/4.9.3/../../../../arm-none-eabi/lib/armv7e-m\libc.a(lib_a-fwalk.o)
 .debug_frame   0x00001cc0       0x30 c:/program files/atmel/studio/7.0/toolchain/arm/arm-gnu-toolchain/bin/../lib/gcc/arm-none-eabi/4.9.3/../../../../arm-none-eabi/lib/armv7e-m\libc.a(lib_a-malloc.o)
 .debug_frame   0x00001cf0       0x58 c:/program files/atmel/studio/7.0/toolchain/arm/arm-gnu-toolchain/bin/../lib/gcc/arm-none-eabi/4.9.3/../../../../arm-none-eabi/lib/armv7e-m\libc.a(lib_a-mallocr.o)
 .debug_frame   0x00001d48       0x30 c:/program files/atmel/studio/7.0/toolchain/arm/arm-gnu-toolchain/bin/../lib/gcc/arm-none-eabi/4.9.3/../../../../arm-none-eabi/lib/armv7e-m\libc.a(lib_a-mlock.o)
 .debug_frame   0x00001d78       0x2c c:/program files/atmel/studio/7.0/toolchain/arm/arm-gnu-toolchain/bin/../lib/gcc/arm-none-eabi/4.9.3/../../../../arm-none-eabi/lib/armv7e-m\libc.a(lib_a-sbrkr.o)
 .debug_frame   0x00001da4       0x88 c:/program files/atmel/studio/7.0/toolchain/arm/arm-gnu-toolchain/bin/../lib/gcc/arm-none-eabi/4.9.3/../../../../arm-none-eabi/lib/armv7e-m\libc.a(lib_a-stdio.o)
 .debug_frame   0x00001e2c       0x2c c:/program files/atmel/studio/7.0/toolchain/arm/arm-gnu-toolchain/bin/../lib/gcc/arm-none-eabi/4.9.3/../../../../arm-none-eabi/lib/armv7e-m\libc.a(lib_a-writer.o)
 .debug_frame   0x00001e58       0x34 c:/program files/atmel/studio/7.0/toolchain/arm/arm-gnu-toolchain/bin/../lib/gcc/arm-none-eabi/4.9.3/../../../../arm-none-eabi/lib/armv7e-m\libc.a(lib_a-__atexit.o)
 .debug_frame   0x00001e8c       0x2c c:/program files/atmel/studio/7.0/toolchain/arm/arm-gnu-toolchain/bin/../lib/gcc/arm-none-eabi/4.9.3/../../../../arm-none-eabi/lib/armv7e-m\libc.a(lib_a-closer.o)
 .debug_frame   0x00001eb8       0x44 c:/program files/atmel/studio/7.0/toolchain/arm/arm-gnu-toolchain/bin/../lib/gcc/arm-none-eabi/4.9.3/../../../../arm-none-eabi/lib/armv7e-m\libc.a(lib_a-fclose.o)
 .debug_frame   0x00001efc       0x2c c:/program files/atmel/studio/7.0/toolchain/arm/arm-gnu-toolchain/bin/../lib/gcc/arm-none-eabi/4.9.3/../../../../arm-none-eabi/lib/armv7e-m\libc.a(lib_a-lseekr.o)
 .debug_frame   0x00001f28       0x2c c:/program files/atmel/studio/7.0/toolchain/arm/arm-gnu-toolchain/bin/../lib/gcc/arm-none-eabi/4.9.3/../../../../arm-none-eabi/lib/armv7e-m\libc.a(lib_a-readr.o)
 .debug_frame   0x00001f54       0x58 c:/program files/atmel/studio/7.0/toolchain/arm/arm-gnu-toolchain/bin/../lib/gcc/arm-none-eabi/4.9.3/../../../../arm-none-eabi/lib/armv7e-m\libc.a(lib_a-reent.o)

Cross Reference Table

Symbol                                            File
ACC_Handler                                       src/ASF/sam/utils/cmsis/sam4s/source/templates/gcc/startup_sam4s.o
ADC_Handler                                       src/ASF/sam/utils/cmsis/sam4s/source/templates/gcc/startup_sam4s.o
BusFault_Handler                                  src/ASF/sam/utils/cmsis/sam4s/source/templates/gcc/startup_sam4s.o
CRCCU_Handler                                     src/ASF/sam/utils/cmsis/sam4s/source/templates/gcc/startup_sam4s.o
DACC_Handler                                      src/ASF/sam/utils/cmsis/sam4s/source/templates/gcc/startup_sam4s.o
DebugMon_Handler                                  src/ASF/sam/utils/cmsis/sam4s/source/templates/gcc/startup_sam4s.o
Dummy_Handler                                     src/ASF/sam/utils/cmsis/sam4s/source/templates/gcc/startup_sam4s.o
EFC0_Handler                                      src/ASF/sam/utils/cmsis/sam4s/source/templates/gcc/startup_sam4s.o
EFC1_Handler                                      src/ASF/sam/utils/cmsis/sam4s/source/templates/gcc/startup_sam4s.o
HSMCI_Handler                                     src/ASF/sam/utils/cmsis/sam4s/source/templates/gcc/startup_sam4s.o
HardFault_Handler                                 src/ASF/sam/utils/cmsis/sam4s/source/templates/gcc/startup_sam4s.o
LED_Off                                           src/ASF/sam/boards/sam4s_ek2/led.o
LED_On                                            src/ASF/sam/boards/sam4s_ek2/led.o
MemManage_Handler                                 src/ASF/sam/utils/cmsis/sam4s/source/templates/gcc/startup_sam4s.o
NMI_Handler                                       src/ASF/sam/utils/cmsis/sam4s/source/templates/gcc/startup_sam4s.o
PIOA_Handler                                      src/ASF/sam/drivers/pio/pio_handler.o
PIOB_Handler                                      src/ASF/sam/drivers/pio/pio_handler.o
PIOC_Handler                                      src/ASF/sam/drivers/pio/pio_handler.o
PMC_Handler                                       src/ASF/sam/utils/cmsis/sam4s/source/templates/gcc/startup_sam4s.o
PWM_Handler                                       src/ASF/sam/utils/cmsis/sam4s/source/templates/gcc/startup_sam4s.o
PendSV_Handler                                    src/ASF/sam/utils/cmsis/sam4s/source/templates/gcc/startup_sam4s.o
RSTC_Handler                                      src/ASF/sam/utils/cmsis/sam4s/source/templates/gcc/startup_sam4s.o
RTC_Handler                                       src/ASF/sam/utils/cmsis/sam4s/source/templates/gcc/startup_sam4s.o
RTT_Handler                                       src/ASF/sam/utils/cmsis/sam4s/source/templates/gcc/startup_sam4s.o
Reset_Handler                                     src/ASF/sam/utils/cmsis/sam4s/source/templates/gcc/startup_sam4s.o
SPI_Handler                                       src/ASF/sam/utils/cmsis/sam4s/source/templates/gcc/startup_sam4s.o
SSC_Handler                                       src/ASF/sam/utils/cmsis/sam4s/source/templates/gcc/startup_sam4s.o
SUPC_Handler                                      src/ASF/sam/utils/cmsis/sam4s/source/templates/gcc/startup_sam4s.o
SVC_Handler                                       src/ASF/sam/utils/cmsis/sam4s/source/templates/gcc/startup_sam4s.o
SysTick_Handler                                   src/ASF/sam/utils/cmsis/sam4s/source/templates/gcc/startup_sam4s.o
SystemCoreClock                                   src/ASF/sam/utils/cmsis/sam4s/source/templates/system_sam4s.o
SystemCoreClockUpdate                             src/ASF/sam/utils/cmsis/sam4s/source/templates/system_sam4s.o
                                                  src/ASF/common/services/clock/sam4s/sysclk.o
SystemInit                                        src/ASF/sam/utils/cmsis/sam4s/source/templates/system_sam4s.o
TC0_Handler                                       src/ili93xx_example.o
                                                  src/ASF/sam/utils/cmsis/sam4s/source/templates/gcc/startup_sam4s.o
TC1_Handler                                       src/ASF/sam/utils/cmsis/sam4s/source/templates/gcc/startup_sam4s.o
TC2_Handler                                       src/ASF/sam/utils/cmsis/sam4s/source/templates/gcc/startup_sam4s.o
TC3_Handler                                       src/ASF/sam/utils/cmsis/sam4s/source/templates/gcc/startup_sam4s.o
TC4_Handler                                       src/ASF/sam/utils/cmsis/sam4s/source/templates/gcc/startup_sam4s.o
TC5_Handler                                       src/ASF/sam/utils/cmsis/sam4s/source/templates/gcc/startup_sam4s.o
TWI0_Handler                                      src/ASF/sam/utils/cmsis/sam4s/source/templates/gcc/startup_sam4s.o
TWI1_Handler                                      src/ASF/sam/utils/cmsis/sam4s/source/templates/gcc/startup_sam4s.o
UART0_Handler                                     src/ASF/sam/utils/cmsis/sam4s/source/templates/gcc/startup_sam4s.o
UART1_Handler                                     src/ASF/sam/utils/cmsis/sam4s/source/templates/gcc/startup_sam4s.o
UDP_Handler                                       src/ASF/sam/utils/cmsis/sam4s/source/templates/gcc/startup_sam4s.o
USART0_Handler                                    src/ASF/sam/utils/cmsis/sam4s/source/templates/gcc/startup_sam4s.o
USART1_Handler                                    src/ASF/sam/utils/cmsis/sam4s/source/templates/gcc/startup_sam4s.o
UsageFault_Handler                                src/ASF/sam/utils/cmsis/sam4s/source/templates/gcc/startup_sam4s.o
WDT_Handler                                       src/ASF/sam/utils/cmsis/sam4s/source/templates/gcc/startup_sam4s.o
_Jv_RegisterClasses                               c:/program files/atmel/studio/7.0/toolchain/arm/arm-gnu-toolchain/bin/../lib/gcc/arm-none-eabi/4.9.3/armv7e-m/crtbegin.o
_PathLocale                                       c:/program files/atmel/studio/7.0/toolchain/arm/arm-gnu-toolchain/bin/../lib/gcc/arm-none-eabi/4.9.3/../../../../arm-none-eabi/lib/armv7e-m\libc.a(lib_a-locale.o)
__aeabi_idiv0                                     c:/program files/atmel/studio/7.0/toolchain/arm/arm-gnu-toolchain/bin/../lib/gcc/arm-none-eabi/4.9.3/armv7e-m\libgcc.a(_dvmd_tls.o)
__aeabi_ldiv0                                     c:/program files/atmel/studio/7.0/toolchain/arm/arm-gnu-toolchain/bin/../lib/gcc/arm-none-eabi/4.9.3/armv7e-m\libgcc.a(_dvmd_tls.o)
                                                  c:/program files/atmel/studio/7.0/toolchain/arm/arm-gnu-toolchain/bin/../lib/gcc/arm-none-eabi/4.9.3/armv7e-m\libgcc.a(_aeabi_uldivmod.o)
__aeabi_uldivmod                                  c:/program files/atmel/studio/7.0/toolchain/arm/arm-gnu-toolchain/bin/../lib/gcc/arm-none-eabi/4.9.3/armv7e-m\libgcc.a(_aeabi_uldivmod.o)
                                                  c:/program files/atmel/studio/7.0/toolchain/arm/arm-gnu-toolchain/bin/../lib/gcc/arm-none-eabi/4.9.3/../../../../arm-none-eabi/lib/armv7e-m\libc.a(lib_a-vfiprintf.o)
__ascii_wctomb                                    c:/program files/atmel/studio/7.0/toolchain/arm/arm-gnu-toolchain/bin/../lib/gcc/arm-none-eabi/4.9.3/../../../../arm-none-eabi/lib/armv7e-m\libc.a(lib_a-wctomb_r.o)
__bss_end__                                       c:/program files/atmel/studio/7.0/toolchain/arm/arm-gnu-toolchain/bin/../lib/gcc/arm-none-eabi/4.9.3/../../../../arm-none-eabi/lib/armv7e-m/crt0.o
__bss_start__                                     c:/program files/atmel/studio/7.0/toolchain/arm/arm-gnu-toolchain/bin/../lib/gcc/arm-none-eabi/4.9.3/../../../../arm-none-eabi/lib/armv7e-m/crt0.o
__call_exitprocs                                  c:/program files/atmel/studio/7.0/toolchain/arm/arm-gnu-toolchain/bin/../lib/gcc/arm-none-eabi/4.9.3/../../../../arm-none-eabi/lib/armv7e-m\libc.a(lib_a-__call_atexit.o)
                                                  c:/program files/atmel/studio/7.0/toolchain/arm/arm-gnu-toolchain/bin/../lib/gcc/arm-none-eabi/4.9.3/../../../../arm-none-eabi/lib/armv7e-m\libc.a(lib_a-exit.o)
__deregister_frame_info                           c:/program files/atmel/studio/7.0/toolchain/arm/arm-gnu-toolchain/bin/../lib/gcc/arm-none-eabi/4.9.3/armv7e-m/crtbegin.o
__divdi3                                          c:/program files/atmel/studio/7.0/toolchain/arm/arm-gnu-toolchain/bin/../lib/gcc/arm-none-eabi/4.9.3/armv7e-m\libgcc.a(_divdi3.o)
                                                  c:/program files/atmel/studio/7.0/toolchain/arm/arm-gnu-toolchain/bin/../lib/gcc/arm-none-eabi/4.9.3/armv7e-m\libgcc.a(bpabi.o)
__dso_handle                                      c:/program files/atmel/studio/7.0/toolchain/arm/arm-gnu-toolchain/bin/../lib/gcc/arm-none-eabi/4.9.3/armv7e-m/crtbegin.o
__fini_array_end                                  c:/program files/atmel/studio/7.0/toolchain/arm/arm-gnu-toolchain/bin/../lib/gcc/arm-none-eabi/4.9.3/../../../../arm-none-eabi/lib/armv7e-m\libc.a(lib_a-fini.o)
__fini_array_start                                c:/program files/atmel/studio/7.0/toolchain/arm/arm-gnu-toolchain/bin/../lib/gcc/arm-none-eabi/4.9.3/../../../../arm-none-eabi/lib/armv7e-m\libc.a(lib_a-fini.o)
__fp_lock_all                                     c:/program files/atmel/studio/7.0/toolchain/arm/arm-gnu-toolchain/bin/../lib/gcc/arm-none-eabi/4.9.3/../../../../arm-none-eabi/lib/armv7e-m\libc.a(lib_a-findfp.o)
__fp_unlock_all                                   c:/program files/atmel/studio/7.0/toolchain/arm/arm-gnu-toolchain/bin/../lib/gcc/arm-none-eabi/4.9.3/../../../../arm-none-eabi/lib/armv7e-m\libc.a(lib_a-findfp.o)
__fputwc                                          c:/program files/atmel/studio/7.0/toolchain/arm/arm-gnu-toolchain/bin/../lib/gcc/arm-none-eabi/4.9.3/../../../../arm-none-eabi/lib/armv7e-m\libc.a(lib_a-fputwc.o)
__gnu_ldivmod_helper                              c:/program files/atmel/studio/7.0/toolchain/arm/arm-gnu-toolchain/bin/../lib/gcc/arm-none-eabi/4.9.3/armv7e-m\libgcc.a(bpabi.o)
__gnu_uldivmod_helper                             c:/program files/atmel/studio/7.0/toolchain/arm/arm-gnu-toolchain/bin/../lib/gcc/arm-none-eabi/4.9.3/armv7e-m\libgcc.a(bpabi.o)
                                                  c:/program files/atmel/studio/7.0/toolchain/arm/arm-gnu-toolchain/bin/../lib/gcc/arm-none-eabi/4.9.3/armv7e-m\libgcc.a(_aeabi_uldivmod.o)
__init_array_end                                  c:/program files/atmel/studio/7.0/toolchain/arm/arm-gnu-toolchain/bin/../lib/gcc/arm-none-eabi/4.9.3/../../../../arm-none-eabi/lib/armv7e-m\libc.a(lib_a-init.o)
__init_array_start                                c:/program files/atmel/studio/7.0/toolchain/arm/arm-gnu-toolchain/bin/../lib/gcc/arm-none-eabi/4.9.3/../../../../arm-none-eabi/lib/armv7e-m\libc.a(lib_a-init.o)
__libc_fini                                       c:/program files/atmel/studio/7.0/toolchain/arm/arm-gnu-toolchain/bin/../lib/gcc/arm-none-eabi/4.9.3/../../../../arm-none-eabi/lib/armv7e-m\libc.a(lib_a-__call_atexit.o)
__libc_fini_array                                 c:/program files/atmel/studio/7.0/toolchain/arm/arm-gnu-toolchain/bin/../lib/gcc/arm-none-eabi/4.9.3/../../../../arm-none-eabi/lib/armv7e-m\libc.a(lib_a-fini.o)
                                                  c:/program files/atmel/studio/7.0/toolchain/arm/arm-gnu-toolchain/bin/../lib/gcc/arm-none-eabi/4.9.3/../../../../arm-none-eabi/lib/armv7e-m\libc.a(lib_a-__call_atexit.o)
                                                  c:/program files/atmel/studio/7.0/toolchain/arm/arm-gnu-toolchain/bin/../lib/gcc/arm-none-eabi/4.9.3/../../../../arm-none-eabi/lib/armv7e-m/crt0.o
__libc_init_array                                 c:/program files/atmel/studio/7.0/toolchain/arm/arm-gnu-toolchain/bin/../lib/gcc/arm-none-eabi/4.9.3/../../../../arm-none-eabi/lib/armv7e-m\libc.a(lib_a-init.o)
                                                  src/ASF/sam/utils/cmsis/sam4s/source/templates/gcc/startup_sam4s.o
                                                  c:/program files/atmel/studio/7.0/toolchain/arm/arm-gnu-toolchain/bin/../lib/gcc/arm-none-eabi/4.9.3/../../../../arm-none-eabi/lib/armv7e-m/crt0.o
__locale_charset                                  c:/program files/atmel/studio/7.0/toolchain/arm/arm-gnu-toolchain/bin/../lib/gcc/arm-none-eabi/4.9.3/../../../../arm-none-eabi/lib/armv7e-m\libc.a(lib_a-locale.o)
                                                  c:/program files/atmel/studio/7.0/toolchain/arm/arm-gnu-toolchain/bin/../lib/gcc/arm-none-eabi/4.9.3/../../../../arm-none-eabi/lib/armv7e-m\libc.a(lib_a-wctomb_r.o)
                                                  c:/program files/atmel/studio/7.0/toolchain/arm/arm-gnu-toolchain/bin/../lib/gcc/arm-none-eabi/4.9.3/../../../../arm-none-eabi/lib/armv7e-m\libc.a(lib_a-wcrtomb.o)
__locale_cjk_lang                                 c:/program files/atmel/studio/7.0/toolchain/arm/arm-gnu-toolchain/bin/../lib/gcc/arm-none-eabi/4.9.3/../../../../arm-none-eabi/lib/armv7e-m\libc.a(lib_a-locale.o)
__locale_mb_cur_max                               c:/program files/atmel/studio/7.0/toolchain/arm/arm-gnu-toolchain/bin/../lib/gcc/arm-none-eabi/4.9.3/../../../../arm-none-eabi/lib/armv7e-m\libc.a(lib_a-locale.o)
                                                  c:/program files/atmel/studio/7.0/toolchain/arm/arm-gnu-toolchain/bin/../lib/gcc/arm-none-eabi/4.9.3/../../../../arm-none-eabi/lib/armv7e-m\libc.a(lib_a-fputwc.o)
__locale_msgcharset                               c:/program files/atmel/studio/7.0/toolchain/arm/arm-gnu-toolchain/bin/../lib/gcc/arm-none-eabi/4.9.3/../../../../arm-none-eabi/lib/armv7e-m\libc.a(lib_a-locale.o)
__malloc_av_                                      c:/program files/atmel/studio/7.0/toolchain/arm/arm-gnu-toolchain/bin/../lib/gcc/arm-none-eabi/4.9.3/../../../../arm-none-eabi/lib/armv7e-m\libc.a(lib_a-mallocr.o)
                                                  c:/program files/atmel/studio/7.0/toolchain/arm/arm-gnu-toolchain/bin/../lib/gcc/arm-none-eabi/4.9.3/../../../../arm-none-eabi/lib/armv7e-m\libc.a(lib_a-reallocr.o)
                                                  c:/program files/atmel/studio/7.0/toolchain/arm/arm-gnu-toolchain/bin/../lib/gcc/arm-none-eabi/4.9.3/../../../../arm-none-eabi/lib/armv7e-m\libc.a(lib_a-freer.o)
__malloc_current_mallinfo                         c:/program files/atmel/studio/7.0/toolchain/arm/arm-gnu-toolchain/bin/../lib/gcc/arm-none-eabi/4.9.3/../../../../arm-none-eabi/lib/armv7e-m\libc.a(lib_a-mallocr.o)
                                                  c:/program files/atmel/studio/7.0/toolchain/arm/arm-gnu-toolchain/bin/../lib/gcc/arm-none-eabi/4.9.3/../../../../arm-none-eabi/lib/armv7e-m\libc.a(lib_a-freer.o)
__malloc_lock                                     c:/program files/atmel/studio/7.0/toolchain/arm/arm-gnu-toolchain/bin/../lib/gcc/arm-none-eabi/4.9.3/../../../../arm-none-eabi/lib/armv7e-m\libc.a(lib_a-mlock.o)
                                                  c:/program files/atmel/studio/7.0/toolchain/arm/arm-gnu-toolchain/bin/../lib/gcc/arm-none-eabi/4.9.3/../../../../arm-none-eabi/lib/armv7e-m\libc.a(lib_a-reallocr.o)
                                                  c:/program files/atmel/studio/7.0/toolchain/arm/arm-gnu-toolchain/bin/../lib/gcc/arm-none-eabi/4.9.3/../../../../arm-none-eabi/lib/armv7e-m\libc.a(lib_a-mallocr.o)
                                                  c:/program files/atmel/studio/7.0/toolchain/arm/arm-gnu-toolchain/bin/../lib/gcc/arm-none-eabi/4.9.3/../../../../arm-none-eabi/lib/armv7e-m\libc.a(lib_a-freer.o)
__malloc_max_sbrked_mem                           c:/program files/atmel/studio/7.0/toolchain/arm/arm-gnu-toolchain/bin/../lib/gcc/arm-none-eabi/4.9.3/../../../../arm-none-eabi/lib/armv7e-m\libc.a(lib_a-mallocr.o)
__malloc_max_total_mem                            c:/program files/atmel/studio/7.0/toolchain/arm/arm-gnu-toolchain/bin/../lib/gcc/arm-none-eabi/4.9.3/../../../../arm-none-eabi/lib/armv7e-m\libc.a(lib_a-mallocr.o)
__malloc_sbrk_base                                c:/program files/atmel/studio/7.0/toolchain/arm/arm-gnu-toolchain/bin/../lib/gcc/arm-none-eabi/4.9.3/../../../../arm-none-eabi/lib/armv7e-m\libc.a(lib_a-mallocr.o)
                                                  c:/program files/atmel/studio/7.0/toolchain/arm/arm-gnu-toolchain/bin/../lib/gcc/arm-none-eabi/4.9.3/../../../../arm-none-eabi/lib/armv7e-m\libc.a(lib_a-freer.o)
__malloc_top_pad                                  c:/program files/atmel/studio/7.0/toolchain/arm/arm-gnu-toolchain/bin/../lib/gcc/arm-none-eabi/4.9.3/../../../../arm-none-eabi/lib/armv7e-m\libc.a(lib_a-mallocr.o)
                                                  c:/program files/atmel/studio/7.0/toolchain/arm/arm-gnu-toolchain/bin/../lib/gcc/arm-none-eabi/4.9.3/../../../../arm-none-eabi/lib/armv7e-m\libc.a(lib_a-freer.o)
__malloc_trim_threshold                           c:/program files/atmel/studio/7.0/toolchain/arm/arm-gnu-toolchain/bin/../lib/gcc/arm-none-eabi/4.9.3/../../../../arm-none-eabi/lib/armv7e-m\libc.a(lib_a-mallocr.o)
                                                  c:/program files/atmel/studio/7.0/toolchain/arm/arm-gnu-toolchain/bin/../lib/gcc/arm-none-eabi/4.9.3/../../../../arm-none-eabi/lib/armv7e-m\libc.a(lib_a-freer.o)
__malloc_unlock                                   c:/program files/atmel/studio/7.0/toolchain/arm/arm-gnu-toolchain/bin/../lib/gcc/arm-none-eabi/4.9.3/../../../../arm-none-eabi/lib/armv7e-m\libc.a(lib_a-mlock.o)
                                                  c:/program files/atmel/studio/7.0/toolchain/arm/arm-gnu-toolchain/bin/../lib/gcc/arm-none-eabi/4.9.3/../../../../arm-none-eabi/lib/armv7e-m\libc.a(lib_a-reallocr.o)
                                                  c:/program files/atmel/studio/7.0/toolchain/arm/arm-gnu-toolchain/bin/../lib/gcc/arm-none-eabi/4.9.3/../../../../arm-none-eabi/lib/armv7e-m\libc.a(lib_a-mallocr.o)
                                                  c:/program files/atmel/studio/7.0/toolchain/arm/arm-gnu-toolchain/bin/../lib/gcc/arm-none-eabi/4.9.3/../../../../arm-none-eabi/lib/armv7e-m\libc.a(lib_a-freer.o)
__mb_cur_max                                      c:/program files/atmel/studio/7.0/toolchain/arm/arm-gnu-toolchain/bin/../lib/gcc/arm-none-eabi/4.9.3/../../../../arm-none-eabi/lib/armv7e-m\libc.a(lib_a-locale.o)
__mlocale_changed                                 c:/program files/atmel/studio/7.0/toolchain/arm/arm-gnu-toolchain/bin/../lib/gcc/arm-none-eabi/4.9.3/../../../../arm-none-eabi/lib/armv7e-m\libc.a(lib_a-locale.o)
__nlocale_changed                                 c:/program files/atmel/studio/7.0/toolchain/arm/arm-gnu-toolchain/bin/../lib/gcc/arm-none-eabi/4.9.3/../../../../arm-none-eabi/lib/armv7e-m\libc.a(lib_a-locale.o)
__preinit_array_end                               c:/program files/atmel/studio/7.0/toolchain/arm/arm-gnu-toolchain/bin/../lib/gcc/arm-none-eabi/4.9.3/../../../../arm-none-eabi/lib/armv7e-m\libc.a(lib_a-init.o)
__preinit_array_start                             c:/program files/atmel/studio/7.0/toolchain/arm/arm-gnu-toolchain/bin/../lib/gcc/arm-none-eabi/4.9.3/../../../../arm-none-eabi/lib/armv7e-m\libc.a(lib_a-init.o)
__ram_end__                                       src/ASF/sam/utils/syscalls/gcc/syscalls.o
__register_exitproc                               c:/program files/atmel/studio/7.0/toolchain/arm/arm-gnu-toolchain/bin/../lib/gcc/arm-none-eabi/4.9.3/../../../../arm-none-eabi/lib/armv7e-m\libc.a(lib_a-__atexit.o)
                                                  c:/program files/atmel/studio/7.0/toolchain/arm/arm-gnu-toolchain/bin/../lib/gcc/arm-none-eabi/4.9.3/../../../../arm-none-eabi/lib/armv7e-m\libc.a(lib_a-atexit.o)
__register_frame_info                             c:/program files/atmel/studio/7.0/toolchain/arm/arm-gnu-toolchain/bin/../lib/gcc/arm-none-eabi/4.9.3/armv7e-m/crtbegin.o
__sclose                                          c:/program files/atmel/studio/7.0/toolchain/arm/arm-gnu-toolchain/bin/../lib/gcc/arm-none-eabi/4.9.3/../../../../arm-none-eabi/lib/armv7e-m\libc.a(lib_a-stdio.o)
                                                  c:/program files/atmel/studio/7.0/toolchain/arm/arm-gnu-toolchain/bin/../lib/gcc/arm-none-eabi/4.9.3/../../../../arm-none-eabi/lib/armv7e-m\libc.a(lib_a-findfp.o)
__seofread                                        c:/program files/atmel/studio/7.0/toolchain/arm/arm-gnu-toolchain/bin/../lib/gcc/arm-none-eabi/4.9.3/../../../../arm-none-eabi/lib/armv7e-m\libc.a(lib_a-stdio.o)
__sflush_r                                        c:/program files/atmel/studio/7.0/toolchain/arm/arm-gnu-toolchain/bin/../lib/gcc/arm-none-eabi/4.9.3/../../../../arm-none-eabi/lib/armv7e-m\libc.a(lib_a-fflush.o)
                                                  c:/program files/atmel/studio/7.0/toolchain/arm/arm-gnu-toolchain/bin/../lib/gcc/arm-none-eabi/4.9.3/../../../../arm-none-eabi/lib/armv7e-m\libc.a(lib_a-fclose.o)
__sfmoreglue                                      c:/program files/atmel/studio/7.0/toolchain/arm/arm-gnu-toolchain/bin/../lib/gcc/arm-none-eabi/4.9.3/../../../../arm-none-eabi/lib/armv7e-m\libc.a(lib_a-findfp.o)
__sfp                                             c:/program files/atmel/studio/7.0/toolchain/arm/arm-gnu-toolchain/bin/../lib/gcc/arm-none-eabi/4.9.3/../../../../arm-none-eabi/lib/armv7e-m\libc.a(lib_a-findfp.o)
__sfp_lock_acquire                                c:/program files/atmel/studio/7.0/toolchain/arm/arm-gnu-toolchain/bin/../lib/gcc/arm-none-eabi/4.9.3/../../../../arm-none-eabi/lib/armv7e-m\libc.a(lib_a-findfp.o)
                                                  c:/program files/atmel/studio/7.0/toolchain/arm/arm-gnu-toolchain/bin/../lib/gcc/arm-none-eabi/4.9.3/../../../../arm-none-eabi/lib/armv7e-m\libc.a(lib_a-fclose.o)
__sfp_lock_release                                c:/program files/atmel/studio/7.0/toolchain/arm/arm-gnu-toolchain/bin/../lib/gcc/arm-none-eabi/4.9.3/../../../../arm-none-eabi/lib/armv7e-m\libc.a(lib_a-findfp.o)
                                                  c:/program files/atmel/studio/7.0/toolchain/arm/arm-gnu-toolchain/bin/../lib/gcc/arm-none-eabi/4.9.3/../../../../arm-none-eabi/lib/armv7e-m\libc.a(lib_a-fclose.o)
__sfvwrite_r                                      c:/program files/atmel/studio/7.0/toolchain/arm/arm-gnu-toolchain/bin/../lib/gcc/arm-none-eabi/4.9.3/../../../../arm-none-eabi/lib/armv7e-m\libc.a(lib_a-fvwrite.o)
                                                  c:/program files/atmel/studio/7.0/toolchain/arm/arm-gnu-toolchain/bin/../lib/gcc/arm-none-eabi/4.9.3/../../../../arm-none-eabi/lib/armv7e-m\libc.a(lib_a-vfiprintf.o)
__sinit                                           c:/program files/atmel/studio/7.0/toolchain/arm/arm-gnu-toolchain/bin/../lib/gcc/arm-none-eabi/4.9.3/../../../../arm-none-eabi/lib/armv7e-m\libc.a(lib_a-findfp.o)